Component: ARM Compiler 5.06 update 6 (build 750) Tool: armlink [4d35ed]

==============================================================================

Section Cross References

    startup_stm32f103xb.o(STACK) refers (Special) to heapauxi.o(.text) for __use_two_region_memory
    startup_stm32f103xb.o(HEAP) refers (Special) to heapauxi.o(.text) for __use_two_region_memory
    startup_stm32f103xb.o(RESET) refers (Special) to heapauxi.o(.text) for __use_two_region_memory
    startup_stm32f103xb.o(RESET) refers to startup_stm32f103xb.o(STACK) for __initial_sp
    startup_stm32f103xb.o(RESET) refers to startup_stm32f103xb.o(.text) for Reset_Handler
    startup_stm32f103xb.o(RESET) refers to stm32f1xx_it.o(i.NMI_Handler) for NMI_Handler
    startup_stm32f103xb.o(RESET) refers to stm32f1xx_it.o(i.HardFault_Handler) for HardFault_Handler
    startup_stm32f103xb.o(RESET) refers to stm32f1xx_it.o(i.MemManage_Handler) for MemManage_Handler
    startup_stm32f103xb.o(RESET) refers to stm32f1xx_it.o(i.BusFault_Handler) for BusFault_Handler
    startup_stm32f103xb.o(RESET) refers to stm32f1xx_it.o(i.UsageFault_Handler) for UsageFault_Handler
    startup_stm32f103xb.o(RESET) refers to stm32f1xx_it.o(i.SVC_Handler) for SVC_Handler
    startup_stm32f103xb.o(RESET) refers to stm32f1xx_it.o(i.DebugMon_Handler) for DebugMon_Handler
    startup_stm32f103xb.o(RESET) refers to stm32f1xx_it.o(i.PendSV_Handler) for PendSV_Handler
    startup_stm32f103xb.o(RESET) refers to stm32f1xx_it.o(i.SysTick_Handler) for SysTick_Handler
    startup_stm32f103xb.o(RESET) refers to stm32f1xx_it.o(i.EXTI3_IRQHandler) for EXTI3_IRQHandler
    startup_stm32f103xb.o(RESET) refers to stm32f1xx_it.o(i.EXTI4_IRQHandler) for EXTI4_IRQHandler
    startup_stm32f103xb.o(RESET) refers to stm32f1xx_it.o(i.USB_LP_CAN1_RX0_IRQHandler) for USB_LP_CAN1_RX0_IRQHandler
    startup_stm32f103xb.o(RESET) refers to stm32f1xx_it.o(i.CAN1_RX1_IRQHandler) for CAN1_RX1_IRQHandler
    startup_stm32f103xb.o(RESET) refers to stm32f1xx_it.o(i.USART1_IRQHandler) for USART1_IRQHandler
    startup_stm32f103xb.o(.text) refers (Special) to heapauxi.o(.text) for __use_two_region_memory
    startup_stm32f103xb.o(.text) refers to system_stm32f1xx.o(i.SystemInit) for SystemInit
    startup_stm32f103xb.o(.text) refers to __main.o(!!!main) for __main
    startup_stm32f103xb.o(.text) refers to startup_stm32f103xb.o(HEAP) for Heap_Mem
    startup_stm32f103xb.o(.text) refers to startup_stm32f103xb.o(STACK) for Stack_Mem
    main.o(i.CAN_Encoder_Assign_Handle) refers to canslavelib.o(i.CAN_Assign_Encoder) for CAN_Assign_Encoder
    main.o(i.CAN_Encoder_Assign_Handle) refers to main.o(.bss) for .bss
    main.o(i.CAN_Encoder_Assign_Handle) refers to main.o(.data) for .data
    main.o(i.CAN_Sensor_Reset_Handle) refers to canslavelib.o(i.CAN_Reset_Encoder) for CAN_Reset_Encoder
    main.o(i.CAN_Sensor_Reset_Handle) refers to canslavelib.o(i.CAN_Reset_IMU) for CAN_Reset_IMU
    main.o(i.CAN_Sensor_Reset_Handle) refers to main.o(.bss) for .bss
    main.o(i.CAN_Sensor_Reset_Handle) refers to main.o(.data) for .data
    main.o(i.CAN_Sensor_Start_Handle) refers to canslavelib.o(i.CAN_Start_IMU) for CAN_Start_IMU
    main.o(i.CAN_Sensor_Start_Handle) refers to canslavelib.o(i.CAN_Start_Encoder) for CAN_Start_Encoder
    main.o(i.CAN_Sensor_Start_Handle) refers to main.o(.data) for .data
    main.o(i.CAN_Sensor_Start_Handle) refers to main.o(.bss) for .bss
    main.o(i.CAN_Sensor_Stop_Handle) refers to canslavelib.o(i.CAN_Stop_Sensor) for CAN_Stop_Sensor
    main.o(i.CAN_Sensor_Stop_Handle) refers to main.o(.data) for .data
    main.o(i.CAN_Sensor_Stop_Handle) refers to main.o(.bss) for .bss
    main.o(i.HAL_CAN_RxFifo0MsgPendingCallback) refers to canslavelib.o(i.CAN_Slave_FIFO0_RxMessage) for CAN_Slave_FIFO0_RxMessage
    main.o(i.HAL_GPIO_EXTI_Callback) refers to encoderposition.o(i.Encoder_Zpulse_Dectect) for Encoder_Zpulse_Dectect
    main.o(i.HAL_GPIO_EXTI_Callback) refers to main.o(.bss) for .bss
    main.o(i.HAL_UART_RxCpltCallback) refers to imu.o(i.IMU_Data_In) for IMU_Data_In
    main.o(i.HAL_UART_RxCpltCallback) refers to stm32f1xx_hal_uart.o(i.HAL_UART_Receive_IT) for HAL_UART_Receive_IT
    main.o(i.HAL_UART_RxCpltCallback) refers to main.o(.bss) for .bss
    main.o(i.HAL_UART_RxCpltCallback) refers to main.o(.data) for .data
    main.o(i.MX_CAN_Init) refers to stm32f1xx_hal_can.o(i.HAL_CAN_Init) for HAL_CAN_Init
    main.o(i.MX_CAN_Init) refers to main.o(.bss) for .bss
    main.o(i.MX_GPIO_Init) refers to stm32f1xx_hal_gpio.o(i.HAL_GPIO_WritePin) for HAL_GPIO_WritePin
    main.o(i.MX_GPIO_Init) refers to stm32f1xx_hal_gpio.o(i.HAL_GPIO_Init) for HAL_GPIO_Init
    main.o(i.MX_GPIO_Init) refers to stm32f1xx_hal_cortex.o(i.HAL_NVIC_SetPriority) for HAL_NVIC_SetPriority
    main.o(i.MX_GPIO_Init) refers to stm32f1xx_hal_cortex.o(i.HAL_NVIC_EnableIRQ) for HAL_NVIC_EnableIRQ
    main.o(i.MX_TIM2_Init) refers to rt_memclr_w.o(.text) for __aeabi_memclr4
[...]
    i.CAN_DeRxQueue                          0x0800061e   Section        0  bxcanlib.o(i.CAN_DeRxQueue)
    i.CAN_DeTxQueue                          0x08000644   Section        0  bxcanlib.o(i.CAN_DeTxQueue)
    i.CAN_EnRxQueue                          0x0800066a   Section        0  bxcanlib.o(i.CAN_EnRxQueue)
    i.CAN_EnTxQueue                          0x080006b0   Section        0  bxcanlib.o(i.CAN_EnTxQueue)
    i.CAN_Encoder_Assign_Handle              0x080006f4   Section        0  main.o(i.CAN_Encoder_Assign_Handle)
    i.CAN_Encoder_Data_Transmit              0x08000718   Section        0  canslavelib.o(i.CAN_Encoder_Data_Transmit)
    i.CAN_Fifo0_Filter_Config                0x080007b8   Section        0  bxcanlib.o(i.CAN_Fifo0_Filter_Config)
    i.CAN_IMU_Data_Transmit                  0x080007e0   Section        0  canslavelib.o(i.CAN_IMU_Data_Transmit)
    i.CAN_If_RxQueue_notCreate               0x08000850   Section        0  bxcanlib.o(i.CAN_If_RxQueue_notCreate)
    i.CAN_If_TxQueue_notCreate               0x08000868   Section        0  bxcanlib.o(i.CAN_If_TxQueue_notCreate)
    i.CAN_Reset_Encoder                      0x08000880   Section        0  canslavelib.o(i.CAN_Reset_Encoder)
    i.CAN_Reset_IMU                          0x080008dc   Section        0  canslavelib.o(i.CAN_Reset_IMU)
    i.CAN_RxEncoder_AssignRQ                 0x0800092c   Section        0  canslavelib.o(i.CAN_RxEncoder_AssignRQ)
    i.CAN_RxQueue_getFront                   0x08000964   Section        0  bxcanlib.o(i.CAN_RxQueue_getFront)
    i.CAN_RxQueue_isFull                     0x08000978   Section        0  bxcanlib.o(i.CAN_RxQueue_isFull)
    i.CAN_RxReset_RQ                         0x08000988   Section        0  canslavelib.o(i.CAN_RxReset_RQ)
    i.CAN_RxStart_RQ                         0x080009c0   Section        0  canslavelib.o(i.CAN_RxStart_RQ)
    i.CAN_RxStop_RQ                          0x08000a04   Section        0  canslavelib.o(i.CAN_RxStop_RQ)
    i.CAN_Sensor_Assign_fb                   0x08000a3c   Section        0  canslavelib.o(i.CAN_Sensor_Assign_fb)
    i.CAN_Sensor_Init                        0x08000b08   Section        0  canslavelib.o(i.CAN_Sensor_Init)
    i.CAN_Sensor_Reset_Handle                0x08000b14   Section        0  main.o(i.CAN_Sensor_Reset_Handle)
    i.CAN_Sensor_Reset_fb                    0x08000b40   Section        0  canslavelib.o(i.CAN_Sensor_Reset_fb)
    i.CAN_Sensor_Start_Handle                0x08000bdc   Section        0  main.o(i.CAN_Sensor_Start_Handle)
    i.CAN_Sensor_Start_fb                    0x08000c08   Section        0  canslavelib.o(i.CAN_Sensor_Start_fb)
    i.CAN_Sensor_Stop_Handle                 0x08000cd4   Section        0  main.o(i.CAN_Sensor_Stop_Handle)
    i.CAN_Sensor_Stop_fb                     0x08000cf4   Section        0  canslavelib.o(i.CAN_Sensor_Stop_fb)
    i.CAN_Slave_FIFO0_ReFb_Handle            0x08000d90   Section        0  canslavelib.o(i.CAN_Slave_FIFO0_ReFb_Handle)
    i.CAN_Slave_FIFO0_Recieve_Cmd_Handle     0x08000e14   Section        0  canslavelib.o(i.CAN_Slave_FIFO0_Recieve_Cmd_Handle)
    i.CAN_Slave_FIFO0_RxMessage              0x08000e40   Section        0  canslavelib.o(i.CAN_Slave_FIFO0_RxMessage)
    i.CAN_Start_Encoder                      0x08000ea8   Section        0  canslavelib.o(i.CAN_Start_Encoder)
    i.CAN_Start_IMU                          0x08000f3c   Section        0  canslavelib.o(i.CAN_Start_IMU)
    i.CAN_Stop_Sensor                        0x08000fc8   Section        0  canslavelib.o(i.CAN_Stop_Sensor)
    i.CAN_TxHeader_Copy                      0x08001018   Section        0  bxcanlib.o(i.CAN_TxHeader_Copy)
    i.CAN_TxHeader_Init                      0x0800102a   Section        0  bxcanlib.o(i.CAN_TxHeader_Init)
    i.CAN_TxQueue_getFront                   0x0800103a   Section        0  bxcanlib.o(i.CAN_TxQueue_getFront)
    i.CAN_TxQueue_isEmpty                    0x0800104a   Section        0  bxcanlib.o(i.CAN_TxQueue_isEmpty)
    i.CAN_TxQueue_isFull                     0x08001056   Section        0  bxcanlib.o(i.CAN_TxQueue_isFull)
    i.DebugMon_Handler                       0x08001066   Section        0  stm32f1xx_it.o(i.DebugMon_Handler)
    i.EXTI3_IRQHandler                       0x08001068   Section        0  stm32f1xx_it.o(i.EXTI3_IRQHandler)
    i.EXTI4_IRQHandler                       0x0800106e   Section        0  stm32f1xx_it.o(i.EXTI4_IRQHandler)
    i.Encoder_Assign_Position                0x08001074   Section        0  encoderposition.o(i.Encoder_Assign_Position)
    i.Encoder_CNT_Calibration                0x08001092   Section        0  encoderposition.o(i.Encoder_CNT_Calibration)
    i.Encoder_CNT_Counter                    0x080010ba   Section        0  encoderposition.o(i.Encoder_CNT_Counter)
    i.Encoder_Init                           0x08001100   Section        0  encoderposition.o(i.Encoder_Init)
    i.Encoder_Offset_Detect                  0x08001110   Section        0  encoderposition.o(i.Encoder_Offset_Detect)
    i.Encoder_Position_Handle                0x08001130   Section        0  encoderposition.o(i.Encoder_Position_Handle)
    i.Encoder_Pulse_Counter                  0x08001198   Section        0  encoderposition.o(i.Encoder_Pulse_Counter)
    i.Encoder_Reset                          0x080011ae   Section        0  encoderposition.o(i.Encoder_Reset)
    i.Encoder_Round_Counter                  0x080011cc   Section        0  encoderposition.o(i.Encoder_Round_Counter)
    i.Encoder_Zpulse_Dectect                 0x08001208   Section        0  encoderposition.o(i.Encoder_Zpulse_Dectect)
    i.HAL_CAN_ActivateNotification           0x08001214   Section        0  stm32f1xx_hal_can.o(i.HAL_CAN_ActivateNotification)
    i.HAL_CAN_AddTxMessage                   0x08001238   Section        0  stm32f1xx_hal_can.o(i.HAL_CAN_AddTxMessage)
    i.HAL_CAN_ConfigFilter                   0x080012f4   Section        0  stm32f1xx_hal_can.o(i.HAL_CAN_ConfigFilter)
    i.HAL_CAN_ErrorCallback                  0x080013e2   Section        0  stm32f1xx_hal_can.o(i.HAL_CAN_ErrorCallback)
    i.HAL_CAN_GetRxMessage                   0x080013e4   Section        0  stm32f1xx_hal_can.o(i.HAL_CAN_GetRxMessage)
    i.HAL_CAN_IRQHandler                     0x080014d8   Section        0  stm32f1xx_hal_can.o(i.HAL_CAN_IRQHandler)
    i.HAL_CAN_Init                           0x080016d4   Section        0  stm32f1xx_hal_can.o(i.HAL_CAN_Init)
    i.HAL_CAN_MspInit                        0x080017f0   Section        0  stm32f1xx_hal_msp.o(i.HAL_CAN_MspInit)
    i.HAL_CAN_RxFifo0FullCallback            0x0800187c   Section        0  stm32f1xx_hal_can.o(i.HAL_CAN_RxFifo0FullCallback)
    i.HAL_CAN_RxFifo0MsgPendingCallback      0x0800187e   Section        0  main.o(i.HAL_CAN_RxFifo0MsgPendingCallback)
    i.HAL_CAN_RxFifo1FullCallback            0x08001882   Section        0  stm32f1xx_hal_can.o(i.HAL_CAN_RxFifo1FullCallback)
    i.HAL_CAN_RxFifo1MsgPendingCallback      0x08001884   Section        0  stm32f1xx_hal_can.o(i.HAL_CAN_RxFifo1MsgPendingCallback)
    i.HAL_CAN_SleepCallback                  0x08001886   Section        0  stm32f1xx_hal_can.o(i.HAL_CAN_SleepCallback)
    i.HAL_CAN_Start                          0x08001888   Section        0  stm32f1xx_hal_can.o(i.HAL_CAN_Start)
    i.HAL_CAN_TxMailbox0AbortCallback        0x080018e0   Section        0  stm32f1xx_hal_can.o(i.HAL_CAN_TxMailbox0AbortCallback)
    i.HAL_CAN_TxMailbox0CompleteCallback     0x080018e2   Section        0  stm32f1xx_hal_can.o(i.HAL_CAN_TxMailbox0CompleteCallback)
    i.HAL_CAN_TxMailbox1AbortCallback        0x080018e4   Section        0  stm32f1xx_hal_can.o(i.HAL_CAN_TxMailbox1AbortCallback)
    i.HAL_CAN_TxMailbox1CompleteCallback     0x080018e6   Section        0  stm32f1xx_hal_can.o(i.HAL_CAN_TxMailbox1CompleteCallback)
    i.HAL_CAN_TxMailbox2AbortCallback        0x080018e8   Section        0  stm32f1xx_hal_can.o(i.HAL_CAN_TxMailbox2AbortCallback)
    i.HAL_CAN_TxMailbox2CompleteCallback     0x080018ea   Section        0  stm32f1xx_hal_can.o(i.HAL_CAN_TxMailbox2CompleteCallback)
    i.HAL_CAN_WakeUpFromRxMsgCallback        0x080018ec   Section        0  stm32f1xx_hal_can.o(i.HAL_CAN_WakeUpFromRxMsgCallback)
    i.HAL_DMA_Abort                          0x080018ee   Section        0  stm32f1xx_hal_dma.o(i.HAL_DMA_Abort)
    i.HAL_DMA_Abort_IT                       0x08001934   Section        0  stm32f1xx_hal_dma.o(i.HAL_DMA_Abort_IT)
    i.HAL_GPIO_EXTI_Callback                 0x080019cc   Section        0  main.o(i.HAL_GPIO_EXTI_Callback)
    i.HAL_GPIO_EXTI_IRQHandler               0x080019ec   Section        0  stm32f1xx_hal_gpio.o(i.HAL_GPIO_EXTI_IRQHandler)
    i.HAL_GPIO_Init                          0x08001a04   Section        0  stm32f1xx_hal_gpio.o(i.HAL_GPIO_Init)
    i.HAL_GPIO_TogglePin                     0x08001be4   Section        0  stm32f1xx_hal_gpio.o(i.HAL_GPIO_TogglePin)
    i.HAL_GPIO_WritePin                      0x08001bf4   Section        0  stm32f1xx_hal_gpio.o(i.HAL_GPIO_WritePin)
    i.HAL_GetTick                            0x08001c00   Section        0  stm32f1xx_hal.o(i.HAL_GetTick)
    i.HAL_IncTick                            0x08001c0c   Section        0  stm32f1xx_hal.o(i.HAL_IncTick)
    i.HAL_Init                               0x08001c1c   Section        0  stm32f1xx_hal.o(i.HAL_Init)
    i.HAL_InitTick                           0x08001c40   Section        0  stm32f1xx_hal.o(i.HAL_InitTick)
    i.HAL_MspInit                            0x08001c80   Section        0  stm32f1xx_hal_msp.o(i.HAL_MspInit)
    i.HAL_NVIC_EnableIRQ                     0x08001cbc   Section        0  stm32f1xx_hal_cortex.o(i.HAL_NVIC_EnableIRQ)
    i.HAL_NVIC_SetPriority                   0x08001cd8   Section        0  stm32f1xx_hal_cortex.o(i.HAL_NVIC_SetPriority)
    i.HAL_NVIC_SetPriorityGrouping           0x08001d18   Section        0  stm32f1xx_hal_cortex.o(i.HAL_NVIC_SetPriorityGrouping)
    i.HAL_RCC_ClockConfig                    0x08001d3c   Section        0  stm32f1xx_hal_rcc.o(i.HAL_RCC_ClockConfig)
    i.HAL_RCC_GetPCLK1Freq                   0x08001e68   Section        0  stm32f1xx_hal_rcc.o(i.HAL_RCC_GetPCLK1Freq)
    i.HAL_RCC_GetPCLK2Freq                   0x08001e88   Section        0  stm32f1xx_hal_rcc.o(i.HAL_RCC_GetPCLK2Freq)
    i.HAL_RCC_GetSysClockFreq                0x08001ea8   Section        0  stm32f1xx_hal_rcc.o(i.HAL_RCC_GetSysClockFreq)
    i.HAL_RCC_OscConfig                      0x08001ef4   Section        0  stm32f1xx_hal_rcc.o(i.HAL_RCC_OscConfig)
    i.HAL_SYSTICK_Config                     0x08002214   Section        0  stm32f1xx_hal_cortex.o(i.HAL_SYSTICK_Config)
    i.HAL_TIMEx_MasterConfigSynchronization  0x0800223c   Section        0  stm32f1xx_hal_tim_ex.o(i.HAL_TIMEx_MasterConfigSynchronization)
    i.HAL_TIM_Encoder_Init                   0x080022a4   Section        0  stm32f1xx_hal_tim.o(i.HAL_TIM_Encoder_Init)
    i.HAL_TIM_Encoder_MspInit                0x08002348   Section        0  stm32f1xx_hal_msp.o(i.HAL_TIM_Encoder_MspInit)
    i.HAL_TIM_Encoder_Start                  0x080023cc   Section        0  stm32f1xx_hal_tim.o(i.HAL_TIM_Encoder_Start)
    i.HAL_UARTEx_RxEventCallback             0x0800245a   Section        0  stm32f1xx_hal_uart.o(i.HAL_UARTEx_RxEventCallback)
    i.HAL_UART_ErrorCallback                 0x0800245c   Section        0  stm32f1xx_hal_uart.o(i.HAL_UART_ErrorCallback)
    i.HAL_UART_IRQHandler                    0x08002460   Section        0  stm32f1xx_hal_uart.o(i.HAL_UART_IRQHandler)
    i.HAL_UART_Init                          0x080026cc   Section        0  stm32f1xx_hal_uart.o(i.HAL_UART_Init)
    i.HAL_UART_MspInit                       0x08002730   Section        0  stm32f1xx_hal_msp.o(i.HAL_UART_MspInit)
    i.HAL_UART_Receive_IT                    0x080027b0   Section        0  stm32f1xx_hal_uart.o(i.HAL_UART_Receive_IT)
    i.HAL_UART_RxCpltCallback                0x080027cc   Section        0  main.o(i.HAL_UART_RxCpltCallback)
    i.HAL_UART_Transmit                      0x080027f8   Section        0  stm32f1xx_hal_uart.o(i.HAL_UART_Transmit)
    i.HAL_UART_TxCpltCallback                0x08002898   Section        0  stm32f1xx_hal_uart.o(i.HAL_UART_TxCpltCallback)
    i.HardFault_Handler                      0x0800289a   Section        0  stm32f1xx_it.o(i.HardFault_Handler)
    i.IMU_Data_In                            0x0800289c   Section        0  imu.o(i.IMU_Data_In)
    i.IMU_Data_Process                       0x080028cc   Section        0  imu.o(i.IMU_Data_Process)
    i.IMU_Reset_Flag                         0x0800299c   Section        0  imu.o(i.IMU_Reset_Flag)
    i.IMU_Reset_Zero                         0x080029a8   Section        0  imu.o(i.IMU_Reset_Zero)
    i.MX_CAN_Init                            0x08002a00   Section        0  main.o(i.MX_CAN_Init)
    MX_CAN_Init                              0x08002a01   Thumb Code    54  main.o(i.MX_CAN_Init)
    i.MX_GPIO_Init                           0x08002a40   Section        0  main.o(i.MX_GPIO_Init)
    MX_GPIO_Init                             0x08002a41   Thumb Code   154  main.o(i.MX_GPIO_Init)
    i.MX_TIM2_Init                           0x08002aec   Section        0  main.o(i.MX_TIM2_Init)
    MX_TIM2_Init                             0x08002aed   Thumb Code   100  main.o(i.MX_TIM2_Init)
    i.MX_TIM3_Init                           0x08002b54   Section        0  main.o(i.MX_TIM3_Init)
    MX_TIM3_Init                             0x08002b55   Thumb Code    98  main.o(i.MX_TIM3_Init)
    i.MemManage_Handler                      0x08002bc0   Section        0  stm32f1xx_it.o(i.MemManage_Handler)
    i.NMI_Handler                            0x08002bc2   Section        0  stm32f1xx_it.o(i.NMI_Handler)
    i.PendSV_Handler                         0x08002bc4   Section        0  stm32f1xx_it.o(i.PendSV_Handler)
    i.SVC_Handler                            0x08002bc6   Section        0  stm32f1xx_it.o(i.SVC_Handler)
    i.SysTick_Handler                        0x08002bc8   Section        0  stm32f1xx_it.o(i.SysTick_Handler)
    i.SystemClock_Config                     0x08002bcc   Section        0  main.o(i.SystemClock_Config)
    i.SystemInit                             0x08002c2a   Section        0  system_stm32f1xx.o(i.SystemInit)
    i.TIM_Base_SetConfig                     0x08002c2c   Section        0  stm32f1xx_hal_tim.o(i.TIM_Base_SetConfig)
    i.TIM_CCxChannelCmd                      0x08002ca4   Section        0  stm32f1xx_hal_tim.o(i.TIM_CCxChannelCmd)
    i.UART_DMAAbortOnError                   0x08002cbe   Section        0  stm32f1xx_hal_uart.o(i.UART_DMAAbortOnError)
    UART_DMAAbortOnError                     0x08002cbf   Thumb Code    16  stm32f1xx_hal_uart.o(i.UART_DMAAbortOnError)
    i.UART_EndRxTransfer                     0x08002cce   Section        0  stm32f1xx_hal_uart.o(i.UART_EndRxTransfer)
    UART_EndRxTransfer                       0x08002ccf   Thumb Code    78  stm32f1xx_hal_uart.o(i.UART_EndRxTransfer)
    i.UART_Receive_IT                        0x08002d1c   Section        0  stm32f1xx_hal_uart.o(i.UART_Receive_IT)
    UART_Receive_IT                          0x08002d1d   Thumb Code   194  stm32f1xx_hal_uart.o(i.UART_Receive_IT)
    i.UART_SetConfig                         0x08002de0   Section        0  stm32f1xx_hal_uart.o(i.UART_SetConfig)
    UART_SetConfig                           0x08002de1   Thumb Code   178  stm32f1xx_hal_uart.o(i.UART_SetConfig)
    i.UART_Start_Receive_IT                  0x08002e98   Section        0  stm32f1xx_hal_uart.o(i.UART_Start_Receive_IT)
    i.UART_WaitOnFlagUntilTimeout            0x08002ece   Section        0  stm32f1xx_hal_uart.o(i.UART_WaitOnFlagUntilTimeout)
    UART_WaitOnFlagUntilTimeout              0x08002ecf   Thumb Code   114  stm32f1xx_hal_uart.o(i.UART_WaitOnFlagUntilTimeout)
    i.USART1_IRQHandler                      0x08002f40   Section        0  stm32f1xx_it.o(i.USART1_IRQHandler)
    i.USB_LP_CAN1_RX0_IRQHandler             0x08002f4c   Section        0  stm32f1xx_it.o(i.USB_LP_CAN1_RX0_IRQHandler)
    i.UsageFault_Handler                     0x08002f58   Section        0  stm32f1xx_it.o(i.UsageFault_Handler)
    i.__NVIC_SetPriority                     0x08002f5a   Section        0  stm32f1xx_hal_cortex.o(i.__NVIC_SetPriority)
    __NVIC_SetPriority                       0x08002f5b   Thumb Code    32  stm32f1xx_hal_cortex.o(i.__NVIC_SetPriority)
    i.get_Empty_Mailbox                      0x08002f7c   Section        0  bxcanlib.o(i.get_Empty_Mailbox)
    i.main                                   0x08002fa0   Section        0  main.o(i.main)
    x$fpl$d2f                                0x080030d4   Section       98  d2f.o(x$fpl$d2f)
    x$fpl$dadd                               0x08003138   Section      336  daddsub_clz.o(x$fpl$dadd)
    _dadd1                                   0x08003149   Thumb Code     0  daddsub_clz.o(x$fpl$dadd)
    x$fpl$dcheck1                            0x08003288   Section       16  dcheck1.o(x$fpl$dcheck1)
    x$fpl$ddiv                               0x08003298   Section      688  ddiv.o(x$fpl$ddiv)
    ddiv_entry                               0x0800329f   Thumb Code     0  ddiv.o(x$fpl$ddiv)
    x$fpl$dflt                               0x08003548   Section       46  dflt_clz.o(x$fpl$dflt)
    x$fpl$dfltu                              0x08003576   Section       38  dflt_clz.o(x$fpl$dfltu)
    x$fpl$dmul                               0x0800359c   Section      340  dmul.o(x$fpl$dmul)
    x$fpl$dnaninf                            0x080036f0   Section      156  dnaninf.o(x$fpl$dnaninf)
    x$fpl$dretinf                            0x0800378c   Section       12  dretinf.o(x$fpl$dretinf)
    x$fpl$dsub                               0x08003798   Section      468  daddsub_clz.o(x$fpl$dsub)
    _dsub1                                   0x080037a9   Thumb Code     0  daddsub_clz.o(x$fpl$dsub)
    x$fpl$f2d                                0x0800396c   Section       86  f2d.o(x$fpl$f2d)
    x$fpl$fnaninf                            0x080039c2   Section      140  fnaninf.o(x$fpl$fnaninf)
    x$fpl$fretinf                            0x08003a4e   Section       10  fretinf.o(x$fpl$fretinf)
    x$fpl$retnan                             0x08003a58   Section      100  retnan.o(x$fpl$retnan)
    x$fpl$scalbn                             0x08003abc   Section       92  scalbn.o(x$fpl$scalbn)
    x$fpl$trapveneer                         0x08003b18   Section       48  trapv.o(x$fpl$trapveneer)
    .constdata                               0x08003b48   Section       18  stm32f1xx_hal_rcc.o(.constdata)
    x$fpl$usenofp                            0x08003b48   Section        0  usenofp.o(x$fpl$usenofp)
    aPredivFactorTable                       0x08003b48   Data           2  stm32f1xx_hal_rcc.o(.constdata)
    aPLLMULFactorTable                       0x08003b4a   Data          16  stm32f1xx_hal_rcc.o(.constdata)
    .constdata                               0x08003b5a   Section       16  system_stm32f1xx.o(.constdata)
    .constdata                               0x08003b6a   Section        8  system_stm32f1xx.o(.constdata)
    .data                                    0x20000000   Section       32  main.o(.data)
    .data                                    0x20000020   Section       12  stm32f1xx_hal.o(.data)
    .data                                    0x2000002c   Section        4  system_stm32f1xx.o(.data)
    .data                                    0x20000030   Section       27  imu.o(.data)
    recieve_flag                             0x20000030   Data           1  imu.o(.data)
    data_len                                 0x20000031   Data           1  imu.o(.data)
    uart_flag                                0x20000032   Data           1  imu.o(.data)
    flag                                     0x20000033   Data           1  imu.o(.data)
    checksum                                 0x20000034   Data           1  imu.o(.data)
    time                                     0x20000038   Data           4  imu.o(.data)
    unlock_cmd                               0x2000003c   Data           5  imu.o(.data)
    reset_zero_cmd                           0x20000041   Data           5  imu.o(.data)
    save_cmd                                 0x20000046   Data           5  imu.o(.data)
    .data                                    0x2000004c   Section       16  canslavelib.o(.data)
    first_time                               0x2000004c   Data           1  canslavelib.o(.data)
    first_time                               0x2000004d   Data           1  canslavelib.o(.data)
    time                                     0x20000050   Data           4  canslavelib.o(.data)
    time                                     0x20000054   Data           4  canslavelib.o(.data)
    mailbox                                  0x20000058   Data           4  canslavelib.o(.data)
    .bss                                     0x2000005c   Section      388  main.o(.bss)
    .bss                                     0x200001e0   Section       11  imu.o(.bss)
    buff                                     0x200001e0   Data          11  imu.o(.bss)
    .bss                                     0x200001ec   Section      116  canslavelib.o(.bss)
    Slave_TxHeader                           0x200001ec   Data          24  canslavelib.o(.bss)
    Slave_TxQueue                            0x20000204   Data          12  canslavelib.o(.bss)
    Slave_TxMessage                          0x20000210   Data          32  canslavelib.o(.bss)
    Slave_RxQueue                            0x20000230   Data          12  canslavelib.o(.bss)
    Slave_RxMessage                          0x2000023c   Data          36  canslavelib.o(.bss)
    .bss                                     0x20000260   Section       96  libspace.o(.bss)
    HEAP                                     0x200002c0   Section      512  startup_stm32f103xb.o(HEAP)
    Heap_Mem                                 0x200002c0   Data         512  startup_stm32f103xb.o(HEAP)
    STACK                                    0x200004c0   Section     1024  startup_stm32f103xb.o(STACK)
    Stack_Mem                                0x200004c0   Data        1024  startup_stm32f103xb.o(STACK)
    __initial_sp                             0x200008c0   Data           0  startup_stm32f103xb.o(STACK)

    Global Symbols

    Symbol Name                              Value     Ov Type        Size  Object(Section)

    BuildAttributes$$THM_ISAv4$P$D$K$B$S$PE$A:L22UL41UL21$X:L11$S22US41US21$IEEE1$IW$USESV6$~STKCKD$USESV7$~SHL$OTIME$ROPI$EBA8$UX$STANDARDLIB$REQ8$PRES8$EABIv2 0x00000000   Number         0  anon$$obj.o ABSOLUTE
    __ARM_use_no_argv                        0x00000000   Number         0  main.o ABSOLUTE
    __ARM_exceptions_init                     - Undefined Weak Reference
    __alloca_initialize                       - Undefined Weak Reference
    __arm_preinit_                            - Undefined Weak Reference
    __cpp_initialize__aeabi_                  - Undefined Weak Reference
    __cxa_finalize                            - Undefined Weak Reference
    __rt_locale                               - Undefined Weak Reference
    __sigvec_lookup                           - Undefined Weak Reference
    __user_heap_extent                        - Undefined Weak Reference
    _atexit_init                              - Undefined Weak Reference
    _call_atexit_fns                          - Undefined Weak Reference
    _clock_init                               - Undefined Weak Reference
    _fp_trap_init                             - Undefined Weak Reference
    _fp_trap_shutdown                         - Undefined Weak Reference
    _get_lc_collate                           - Undefined Weak Reference
    _get_lc_ctype                             - Undefined Weak Reference
    _get_lc_monetary                          - Undefined Weak Reference
    _get_lc_numeric                           - Undefined Weak Reference
    _get_lc_time                              - Undefined Weak Reference
    _getenv_init                              - Undefined Weak Reference
    _handle_redirection                       - Undefined Weak Reference
    _initio                                   - Undefined Weak Reference
    _mutex_acquire                            - Undefined Weak Reference
    _mutex_free                               - Undefined Weak Reference
    _mutex_release                            - Undefined Weak Reference
    _rand_init                                - Undefined Weak Reference
    _signal_finish                            - Undefined Weak Reference
    _signal_init                              - Undefined Weak Reference
    _terminateio                              - Undefined Weak Reference
    __Vectors_Size                           0x000000ec   Number         0  startup_stm32f103xb.o ABSOLUTE
    __Vectors                                0x08000000   Data           4  startup_stm32f103xb.o(RESET)
    __Vectors_End                            0x080000ec   Data           0  startup_stm32f103xb.o(RESET)
    __main                                   0x080000ed   Thumb Code     8  __main.o(!!!main)
    __scatterload                            0x080000f5   Thumb Code     0  __scatter.o(!!!scatter)
    __scatterload_rt2                        0x080000f5   Thumb Code    44  __scatter.o(!!!scatter)
    __scatterload_rt2_thumb_only             0x080000f5   Thumb Code     0  __scatter.o(!!!scatter)
    __scatterload_null                       0x08000103   Thumb Code     0  __scatter.o(!!!scatter)
    __scatterload_copy                       0x08000129   Thumb Code    26  __scatter_copy.o(!!handler_copy)
    __scatterload_zeroinit                   0x08000145   Thumb Code    28  __scatter_zi.o(!!handler_zi)
    __rt_lib_init                            0x08000161   Thumb Code     0  libinit.o(.ARM.Collect$$libinit$$00000000)
    __rt_lib_init_fp_1                       0x08000163   Thumb Code     0  libinit2.o(.ARM.Collect$$libinit$$00000002)
    __rt_lib_init_heap_2                     0x08000163   Thumb Code     0  libinit2.o(.ARM.Collect$$libinit$$00000005)
    __rt_lib_init_preinit_1                  0x08000163   Thumb Code     0  libinit2.o(.ARM.Collect$$libinit$$00000004)
    __rt_lib_init_alloca_1                   0x0800016b   Thumb Code     0  libinit2.o(.ARM.Collect$$libinit$$0000002E)
    __rt_lib_init_argv_1                     0x0800016b   Thumb Code     0  libinit2.o(.ARM.Collect$$libinit$$0000002C)
    __rt_lib_init_atexit_1                   0x0800016b   Thumb Code     0  libinit2.o(.ARM.Collect$$libinit$$0000001B)
    __rt_lib_init_clock_1                    0x0800016b   Thumb Code     0  libinit2.o(.ARM.Collect$$libinit$$00000021)
    __rt_lib_init_cpp_1                      0x0800016b   Thumb Code     0  libinit2.o(.ARM.Collect$$libinit$$00000032)
    __rt_lib_init_exceptions_1               0x0800016b   Thumb Code     0  libinit2.o(.ARM.Collect$$libinit$$00000030)
    __rt_lib_init_fp_trap_1                  0x0800016b   Thumb Code     0  libinit2.o(.ARM.Collect$$libinit$$0000001F)
    __rt_lib_init_getenv_1                   0x0800016b   Thumb Code     0  libinit2.o(.ARM.Collect$$libinit$$00000023)
    __rt_lib_init_heap_1                     0x0800016b   Thumb Code     0  libinit2.o(.ARM.Collect$$libinit$$0000000A)
    __rt_lib_init_lc_collate_1               0x0800016b   Thumb Code     0  libinit2.o(.ARM.Collect$$libinit$$00000011)
    __rt_lib_init_lc_ctype_1                 0x0800016b   Thumb Code     0  libinit2.o(.ARM.Collect$$libinit$$00000013)
    __rt_lib_init_lc_monetary_1              0x0800016b   Thumb Code     0  libinit2.o(.ARM.Collect$$libinit$$00000015)
    __rt_lib_init_lc_numeric_1               0x0800016b   Thumb Code     0  libinit2.o(.ARM.Collect$$libinit$$00000017)
    __rt_lib_init_lc_time_1                  0x0800016b   Thumb Code     0  libinit2.o(.ARM.Collect$$libinit$$00000019)
    __rt_lib_init_rand_1                     0x0800016b   Thumb Code     0  libinit2.o(.ARM.Collect$$libinit$$0000000E)
    __rt_lib_init_return                     0x0800016b   Thumb Code     0  libinit2.o(.ARM.Collect$$libinit$$00000033)
    __rt_lib_init_signal_1                   0x0800016b   Thumb Code     0  libinit2.o(.ARM.Collect$$libinit$$0000001D)
    __rt_lib_init_stdio_1                    0x0800016b   Thumb Code     0  libinit2.o(.ARM.Collect$$libinit$$00000025)
    __rt_lib_init_user_alloc_1               0x0800016b   Thumb Code     0  libinit2.o(.ARM.Collect$$libinit$$0000000C)
    __rt_lib_shutdown                        0x0800016d   Thumb Code     0  libshutdown.o(.ARM.Collect$$libshutdown$$00000000)
    __rt_lib_shutdown_cpp_1                  0x0800016f   Thumb Code     0  libshutdown2.o(.ARM.Collect$$libshutdown$$00000002)
    __rt_lib_shutdown_fp_trap_1              0x0800016f   Thumb Code     0  libshutdown2.o(.ARM.Collect$$libshutdown$$00000007)
    __rt_lib_shutdown_heap_1                 0x0800016f   Thumb Code     0  libshutdown2.o(.ARM.Collect$$libshutdown$$0000000F)
    __rt_lib_shutdown_return                 0x0800016f   Thumb Code     0  libshutdown2.o(.ARM.Collect$$libshutdown$$00000010)
    __rt_lib_shutdown_signal_1               0x0800016f   Thumb Code     0  libshutdown2.o(.ARM.Collect$$libshutdown$$0000000A)
    __rt_lib_shutdown_stdio_1                0x0800016f   Thumb Code     0  libshutdown2.o(.ARM.Collect$$libshutdown$$00000004)
    __rt_lib_shutdown_user_alloc_1           0x0800016f   Thumb Code     0  libshutdown2.o(.ARM.Collect$$libshutdown$$0000000C)
    __rt_entry                               0x08000171   Thumb Code     0  __rtentry.o(.ARM.Collect$$rtentry$$00000000)
    __rt_entry_presh_1                       0x08000171   Thumb Code     0  __rtentry2.o(.ARM.Collect$$rtentry$$00000002)
    __rt_entry_sh                            0x08000171   Thumb Code     0  __rtentry4.o(.ARM.Collect$$rtentry$$00000004)
    __rt_entry_li                            0x08000177   Thumb Code     0  __rtentry2.o(.ARM.Collect$$rtentry$$0000000A)
    __rt_entry_postsh_1                      0x08000177   Thumb Code     0  __rtentry2.o(.ARM.Collect$$rtentry$$00000009)
    __rt_entry_main                          0x0800017b   Thumb Code     0  __rtentry2.o(.ARM.Collect$$rtentry$$0000000D)
    __rt_entry_postli_1                      0x0800017b   Thumb Code     0  __rtentry2.o(.ARM.Collect$$rtentry$$0000000C)
    __rt_exit                                0x08000183   Thumb Code     0  rtexit.o(.ARM.Collect$$rtexit$$00000000)
    __rt_exit_ls                             0x08000185   Thumb Code     0  rtexit2.o(.ARM.Collect$$rtexit$$00000003)
    __rt_exit_prels_1                        0x08000185   Thumb Code     0  rtexit2.o(.ARM.Collect$$rtexit$$00000002)
    __rt_exit_exit                           0x08000189   Thumb Code     0  rtexit2.o(.ARM.Collect$$rtexit$$00000004)
    Reset_Handler                            0x08000191   Thumb Code     8  startup_stm32f103xb.o(.text)
    _maybe_terminate_alloc                   0x08000191   Thumb Code     0  maybetermalloc1.o(.emb_text)
    ADC1_2_IRQHandler                        0x080001ab   Thumb Code     0  startup_stm32f103xb.o(.text)
    CAN1_SCE_IRQHandler                      0x080001ab   Thumb Code     0  startup_stm32f103xb.o(.text)
    DMA1_Channel1_IRQHandler                 0x080001ab   Thumb Code     0  startup_stm32f103xb.o(.text)
    DMA1_Channel2_IRQHandler                 0x080001ab   Thumb Code     0  startup_stm32f103xb.o(.text)
    DMA1_Channel3_IRQHandler                 0x080001ab   Thumb Code     0  startup_stm32f103xb.o(.text)
    DMA1_Channel4_IRQHandler                 0x080001ab   Thumb Code     0  startup_stm32f103xb.o(.text)
    DMA1_Channel5_IRQHandler                 0x080001ab   Thumb Code     0  startup_stm32f103xb.o(.text)
    DMA1_Channel6_IRQHandler                 0x080001ab   Thumb Code     0  startup_stm32f103xb.o(.text)
    DMA1_Channel7_IRQHandler                 0x080001ab   Thumb Code     0  startup_stm32f103xb.o(.text)
    EXTI0_IRQHandler                         0x080001ab   Thumb Code     0  startup_stm32f103xb.o(.text)
    EXTI15_10_IRQHandler                     0x080001ab   Thumb Code     0  startup_stm32f103xb.o(.text)
    EXTI1_IRQHandler                         0x080001ab   Thumb Code     0  startup_stm32f103xb.o(.text)
    EXTI2_IRQHandler                         0x080001ab   Thumb Code     0  startup_stm32f103xb.o(.text)
    EXTI9_5_IRQHandler                       0x080001ab   Thumb Code     0  startup_stm32f103xb.o(.text)
    FLASH_IRQHandler                         0x080001ab   Thumb Code     0  startup_stm32f103xb.o(.text)
    I2C1_ER_IRQHandler                       0x080001ab   Thumb Code     0  startup_stm32f103xb.o(.text)
    I2C1_EV_IRQHandler                       0x080001ab   Thumb Code     0  startup_stm32f103xb.o(.text)
    I2C2_ER_IRQHandler                       0x080001ab   Thumb Code     0  startup_stm32f103xb.o(.text)
    I2C2_EV_IRQHandler                       0x080001ab   Thumb Code     0  startup_stm32f103xb.o(.text)
    PVD_IRQHandler                           0x080001ab   Thumb Code     0  startup_stm32f103xb.o(.text)
    RCC_IRQHandler                           0x080001ab   Thumb Code     0  startup_stm32f103xb.o(.text)
    RTC_Alarm_IRQHandler                     0x080001ab   Thumb Code     0  startup_stm32f103xb.o(.text)
    RTC_IRQHandler                           0x080001ab   Thumb Code     0  startup_stm32f103xb.o(.text)
    SPI1_IRQHandler                          0x080001ab   Thumb Code     0  startup_stm32f103xb.o(.text)
    SPI2_IRQHandler                          0x080001ab   Thumb Code     0  startup_stm32f103xb.o(.text)
    TAMPER_IRQHandler                        0x080001ab   Thumb Code     0  startup_stm32f103xb.o(.text)
    TIM1_BRK_IRQHandler                      0x080001ab   Thumb Code     0  startup_stm32f103xb.o(.text)
    TIM1_CC_IRQHandler                       0x080001ab   Thumb Code     0  startup_stm32f103xb.o(.text)
    TIM1_TRG_COM_IRQHandler                  0x080001ab   Thumb Code     0  startup_stm32f103xb.o(.text)
    TIM1_UP_IRQHandler                       0x080001ab   Thumb Code     0  startup_stm32f103xb.o(.text)
    TIM2_IRQHandler                          0x080001ab   Thumb Code     0  startup_stm32f103xb.o(.text)
    TIM3_IRQHandler                          0x080001ab   Thumb Code     0  startup_stm32f103xb.o(.text)
    TIM4_IRQHandler                          0x080001ab   Thumb Code     0  startup_stm32f103xb.o(.text)
    USART2_IRQHandler                        0x080001ab   Thumb Code     0  startup_stm32f103xb.o(.text)
    USART3_IRQHandler                        0x080001ab   Thumb Code     0  startup_stm32f103xb.o(.text)
    USBWakeUp_IRQHandler                     0x080001ab   Thumb Code     0  startup_stm32f103xb.o(.text)
    USB_HP_CAN1_TX_IRQHandler                0x080001ab   Thumb Code     0  startup_stm32f103xb.o(.text)
    WWDG_IRQHandler                          0x080001ab   Thumb Code     0  startup_stm32f103xb.o(.text)
    __user_initial_stackheap                 0x080001ad   Thumb Code     0  startup_stm32f103xb.o(.text)
    malloc                                   0x080001d1   Thumb Code    94  h1_alloc.o(.text)
    __aeabi_memcpy4                          0x0800022f   Thumb Code     0  rt_memcpy_w.o(.text)
    __aeabi_memcpy8                          0x0800022f   Thumb Code     0  rt_memcpy_w.o(.text)
    __rt_memcpy_w                            0x0800022f   Thumb Code   100  rt_memcpy_w.o(.text)
    _memcpy_lastbytes_aligned                0x08000277   Thumb Code     0  rt_memcpy_w.o(.text)
    __aeabi_memclr4                          0x08000293   Thumb Code     0  rt_memclr_w.o(.text)
    __aeabi_memclr8                          0x08000293   Thumb Code     0  rt_memclr_w.o(.text)
    __rt_memclr_w                            0x08000293   Thumb Code    78  rt_memclr_w.o(.text)
    _memset_w                                0x08000297   Thumb Code     0  rt_memclr_w.o(.text)
    __use_two_region_memory                  0x080002e1   Thumb Code     2  heapauxi.o(.text)
    __rt_heap_escrow                         0x080002e3   Thumb Code     2  heapauxi.o(.text)
    __rt_heap_expand                         0x080002e5   Thumb Code     2  heapauxi.o(.text)
    __rt_heap_descriptor                     0x080002e9   Thumb Code     8  rt_heap_descriptor_intlibspace.o(.text)
    __use_no_heap                            0x080002f1   Thumb Code     2  hguard.o(.text)
    __heap$guard                             0x080002f3   Thumb Code     2  hguard.o(.text)
    _terminate_user_alloc                    0x080002f5   Thumb Code     2  init_alloc.o(.text)
    _init_user_alloc                         0x080002f7   Thumb Code     2  init_alloc.o(.text)
    __Heap_Full                              0x080002f9   Thumb Code    34  init_alloc.o(.text)
    __Heap_Broken                            0x0800031b   Thumb Code     6  init_alloc.o(.text)
    _init_alloc                              0x08000321   Thumb Code    94  init_alloc.o(.text)
    __Heap_Initialize                        0x0800037f   Thumb Code    10  h1_init.o(.text)
    __Heap_DescSize                          0x08000389   Thumb Code     4  h1_init.o(.text)
    free                                     0x0800038d   Thumb Code    78  h1_free.o(.text)
    __user_libspace                          0x080003dd   Thumb Code     8  libspace.o(.text)
    __user_perproc_libspace                  0x080003dd   Thumb Code     0  libspace.o(.text)
    __user_perthread_libspace                0x080003dd   Thumb Code     0  libspace.o(.text)
    __Heap_ProvideMemory                     0x080003e5   Thumb Code    52  h1_extend.o(.text)
    __rt_SIGRTMEM                            0x08000419   Thumb Code    14  defsig_rtmem_outer.o(.text)
    __I$use$semihosting                      0x08000427   Thumb Code     0  use_no_semi.o(.text)
    __use_no_semihosting_swi                 0x08000427   Thumb Code     2  use_no_semi.o(.text)
    __semihosting_library_function           0x08000429   Thumb Code     0  indicate_semi.o(.text)
    __user_setup_stackheap                   0x08000429   Thumb Code    74  sys_stackheap_outer.o(.text)
    exit                                     0x08000473   Thumb Code    18  exit.o(.text)
    __sig_exit                               0x08000485   Thumb Code    10  defsig_exit.o(.text)
    __rt_SIGRTMEM_inner                      0x08000491   Thumb Code    22  defsig_rtmem_inner.o(.text)
    _sys_exit                                0x080004e1   Thumb Code     8  sys_exit.o(.text)
    __default_signal_display                 0x080004ed   Thumb Code    50  defsig_general.o(.text)
    _ttywrch                                 0x0800051f   Thumb Code    14  sys_wrch.o(.text)
    BusFault_Handler                         0x0800052d   Thumb Code     2  stm32f1xx_it.o(i.BusFault_Handler)
    CAN1_RX1_IRQHandler                      0x08000531   Thumb Code     6  stm32f1xx_it.o(i.CAN1_RX1_IRQHandler)
    CAN_Assign_Encoder                       0x0800053d   Thumb Code   130  canslavelib.o(i.CAN_Assign_Encoder)
    CAN_Create_RxQueue                       0x080005c5   Thumb Code    30  bxcanlib.o(i.CAN_Create_RxQueue)
    CAN_Create_TxQueue                       0x080005e3   Thumb Code    26  bxcanlib.o(i.CAN_Create_TxQueue)
    CAN_Data_Copy                            0x080005fd   Thumb Code    34  bxcanlib.o(i.CAN_Data_Copy)
    CAN_DeRxQueue                            0x0800061f   Thumb Code    38  bxcanlib.o(i.CAN_DeRxQueue)
    CAN_DeTxQueue                            0x08000645   Thumb Code    38  bxcanlib.o(i.CAN_DeTxQueue)
    CAN_EnRxQueue                            0x0800066b   Thumb Code    70  bxcanlib.o(i.CAN_EnRxQueue)
    CAN_EnTxQueue                            0x080006b1   Thumb Code    66  bxcanlib.o(i.CAN_EnTxQueue)
    CAN_Encoder_Assign_Handle                0x080006f5   Thumb Code    26  main.o(i.CAN_Encoder_Assign_Handle)
    CAN_Encoder_Data_Transmit                0x08000719   Thumb Code   150  canslavelib.o(i.CAN_Encoder_Data_Transmit)
    CAN_Fifo0_Filter_Config                  0x080007b9   Thumb Code    38  bxcanlib.o(i.CAN_Fifo0_Filter_Config)
    CAN_IMU_Data_Transmit                    0x080007e1   Thumb Code   104  canslavelib.o(i.CAN_IMU_Data_Transmit)
    CAN_If_RxQueue_notCreate                 0x08000851   Thumb Code    24  bxcanlib.o(i.CAN_If_RxQueue_notCreate)
    CAN_If_TxQueue_notCreate                 0x08000869   Thumb Code    24  bxcanlib.o(i.CAN_If_TxQueue_notCreate)
    CAN_Reset_Encoder                        0x08000881   Thumb Code    88  canslavelib.o(i.CAN_Reset_Encoder)
    CAN_Reset_IMU                            0x080008dd   Thumb Code    76  canslavelib.o(i.CAN_Reset_IMU)
    CAN_RxEncoder_AssignRQ                   0x0800092d   Thumb Code    50  canslavelib.o(i.CAN_RxEncoder_AssignRQ)
    CAN_RxQueue_getFront                     0x08000965   Thumb Code    20  bxcanlib.o(i.CAN_RxQueue_getFront)
    CAN_RxQueue_isFull                       0x08000979   Thumb Code    16  bxcanlib.o(i.CAN_RxQueue_isFull)
    CAN_RxReset_RQ                           0x08000989   Thumb Code    50  canslavelib.o(i.CAN_RxReset_RQ)
    CAN_RxStart_RQ                           0x080009c1   Thumb Code    62  canslavelib.o(i.CAN_RxStart_RQ)
    CAN_RxStop_RQ                            0x08000a05   Thumb Code    50  canslavelib.o(i.CAN_RxStop_RQ)
    CAN_Sensor_Assign_fb                     0x08000a3d   Thumb Code   196  canslavelib.o(i.CAN_Sensor_Assign_fb)
    CAN_Sensor_Init                          0x08000b09   Thumb Code    12  canslavelib.o(i.CAN_Sensor_Init)
    CAN_Sensor_Reset_Handle                  0x08000b15   Thumb Code    32  main.o(i.CAN_Sensor_Reset_Handle)
    CAN_Sensor_Reset_fb                      0x08000b41   Thumb Code   146  canslavelib.o(i.CAN_Sensor_Reset_fb)
    CAN_Sensor_Start_Handle                  0x08000bdd   Thumb Code    34  main.o(i.CAN_Sensor_Start_Handle)
    CAN_Sensor_Start_fb                      0x08000c09   Thumb Code   196  canslavelib.o(i.CAN_Sensor_Start_fb)
    CAN_Sensor_Stop_Handle                   0x08000cd5   Thumb Code    24  main.o(i.CAN_Sensor_Stop_Handle)
    CAN_Sensor_Stop_fb                       0x08000cf5   Thumb Code   146  canslavelib.o(i.CAN_Sensor_Stop_fb)
    CAN_Slave_FIFO0_ReFb_Handle              0x08000d91   Thumb Code   122  canslavelib.o(i.CAN_Slave_FIFO0_ReFb_Handle)
    CAN_Slave_FIFO0_Recieve_Cmd_Handle       0x08000e15   Thumb Code    38  canslavelib.o(i.CAN_Slave_FIFO0_Recieve_Cmd_Handle)
    CAN_Slave_FIFO0_RxMessage                0x08000e41   Thumb Code   100  canslavelib.o(i.CAN_Slave_FIFO0_RxMessage)
    CAN_Start_Encoder                        0x08000ea9   Thumb Code   140  canslavelib.o(i.CAN_Start_Encoder)
    CAN_Start_IMU                            0x08000f3d   Thumb Code   132  canslavelib.o(i.CAN_Start_IMU)
    CAN_Stop_Sensor                          0x08000fc9   Thumb Code    74  canslavelib.o(i.CAN_Stop_Sensor)
    CAN_TxHeader_Copy                        0x08001019   Thumb Code    18  bxcanlib.o(i.CAN_TxHeader_Copy)
    CAN_TxHeader_Init                        0x0800102b   Thumb Code    16  bxcanlib.o(i.CAN_TxHeader_Init)
    CAN_TxQueue_getFront                     0x0800103b   Thumb Code    16  bxcanlib.o(i.CAN_TxQueue_getFront)
    CAN_TxQueue_isEmpty                      0x0800104b   Thumb Code    12  bxcanlib.o(i.CAN_TxQueue_isEmpty)
    CAN_TxQueue_isFull                       0x08001057   Thumb Code    16  bxcanlib.o(i.CAN_TxQueue_isFull)
    DebugMon_Handler                         0x08001067   Thumb Code     2  stm32f1xx_it.o(i.DebugMon_Handler)
    EXTI3_IRQHandler                         0x08001069   Thumb Code     6  stm32f1xx_it.o(i.EXTI3_IRQHandler)
    EXTI4_IRQHandler                         0x0800106f   Thumb Code     6  stm32f1xx_it.o(i.EXTI4_IRQHandler)
    Encoder_Assign_Position                  0x08001075   Thumb Code    30  encoderposition.o(i.Encoder_Assign_Position)
    Encoder_CNT_Calibration                  0x08001093   Thumb Code    40  encoderposition.o(i.Encoder_CNT_Calibration)
    Encoder_CNT_Counter                      0x080010bb   Thumb Code    70  encoderposition.o(i.Encoder_CNT_Counter)
    Encoder_Init                             0x08001101   Thumb Code    16  encoderposition.o(i.Encoder_Init)
    Encoder_Offset_Detect                    0x08001111   Thumb Code    32  encoderposition.o(i.Encoder_Offset_Detect)
    Encoder_Position_Handle                  0x08001131   Thumb Code    96  encoderposition.o(i.Encoder_Position_Handle)
    Encoder_Pulse_Counter                    0x08001199   Thumb Code    22  encoderposition.o(i.Encoder_Pulse_Counter)
    Encoder_Reset                            0x080011af   Thumb Code    30  encoderposition.o(i.Encoder_Reset)
    Encoder_Round_Counter                    0x080011cd   Thumb Code    60  encoderposition.o(i.Encoder_Round_Counter)
    Encoder_Zpulse_Dectect                   0x08001209   Thumb Code    12  encoderposition.o(i.Encoder_Zpulse_Dectect)
    HAL_CAN_ActivateNotification             0x08001215   Thumb Code    36  stm32f1xx_hal_can.o(i.HAL_CAN_ActivateNotification)
    HAL_CAN_AddTxMessage                     0x08001239   Thumb Code   188  stm32f1xx_hal_can.o(i.HAL_CAN_AddTxMessage)
    HAL_CAN_ConfigFilter                     0x080012f5   Thumb Code   238  stm32f1xx_hal_can.o(i.HAL_CAN_ConfigFilter)
    HAL_CAN_ErrorCallback                    0x080013e3   Thumb Code     2  stm32f1xx_hal_can.o(i.HAL_CAN_ErrorCallback)
    HAL_CAN_GetRxMessage                     0x080013e5   Thumb Code   244  stm32f1xx_hal_can.o(i.HAL_CAN_GetRxMessage)
    HAL_CAN_IRQHandler                       0x080014d9   Thumb Code   508  stm32f1xx_hal_can.o(i.HAL_CAN_IRQHandler)
    HAL_CAN_Init                             0x080016d5   Thumb Code   282  stm32f1xx_hal_can.o(i.HAL_CAN_Init)
    HAL_CAN_MspInit                          0x080017f1   Thumb Code   128  stm32f1xx_hal_msp.o(i.HAL_CAN_MspInit)
    HAL_CAN_RxFifo0FullCallback              0x0800187d   Thumb Code     2  stm32f1xx_hal_can.o(i.HAL_CAN_RxFifo0FullCallback)
    HAL_CAN_RxFifo0MsgPendingCallback        0x0800187f   Thumb Code     4  main.o(i.HAL_CAN_RxFifo0MsgPendingCallback)
    HAL_CAN_RxFifo1FullCallback              0x08001883   Thumb Code     2  stm32f1xx_hal_can.o(i.HAL_CAN_RxFifo1FullCallback)
    HAL_CAN_RxFifo1MsgPendingCallback        0x08001885   Thumb Code     2  stm32f1xx_hal_can.o(i.HAL_CAN_RxFifo1MsgPendingCallback)
    HAL_CAN_SleepCallback                    0x08001887   Thumb Code     2  stm32f1xx_hal_can.o(i.HAL_CAN_SleepCallback)
    HAL_CAN_Start                            0x08001889   Thumb Code    88  stm32f1xx_hal_can.o(i.HAL_CAN_Start)
    HAL_CAN_TxMailbox0AbortCallback          0x080018e1   Thumb Code     2  stm32f1xx_hal_can.o(i.HAL_CAN_TxMailbox0AbortCallback)
    HAL_CAN_TxMailbox0CompleteCallback       0x080018e3   Thumb Code     2  stm32f1xx_hal_can.o(i.HAL_CAN_TxMailbox0CompleteCallback)
    HAL_CAN_TxMailbox1AbortCallback          0x080018e5   Thumb Code     2  stm32f1xx_hal_can.o(i.HAL_CAN_TxMailbox1AbortCallback)
    HAL_CAN_TxMailbox1CompleteCallback       0x080018e7   Thumb Code     2  stm32f1xx_hal_can.o(i.HAL_CAN_TxMailbox1CompleteCallback)
    HAL_CAN_TxMailbox2AbortCallback          0x080018e9   Thumb Code     2  stm32f1xx_hal_can.o(i.HAL_CAN_TxMailbox2AbortCallback)
    HAL_CAN_TxMailbox2CompleteCallback       0x080018eb   Thumb Code     2  stm32f1xx_hal_can.o(i.HAL_CAN_TxMailbox2CompleteCallback)
    HAL_CAN_WakeUpFromRxMsgCallback          0x080018ed   Thumb Code     2  stm32f1xx_hal_can.o(i.HAL_CAN_WakeUpFromRxMsgCallback)
    HAL_DMA_Abort                            0x080018ef   Thumb Code    70  stm32f1xx_hal_dma.o(i.HAL_DMA_Abort)
    HAL_DMA_Abort_IT                         0x08001935   Thumb Code   148  stm32f1xx_hal_dma.o(i.HAL_DMA_Abort_IT)
    HAL_GPIO_EXTI_Callback                   0x080019cd   Thumb Code    26  main.o(i.HAL_GPIO_EXTI_Callback)
    HAL_GPIO_EXTI_IRQHandler                 0x080019ed   Thumb Code    18  stm32f1xx_hal_gpio.o(i.HAL_GPIO_EXTI_IRQHandler)
    HAL_GPIO_Init                            0x08001a05   Thumb Code   446  stm32f1xx_hal_gpio.o(i.HAL_GPIO_Init)
    HAL_GPIO_TogglePin                       0x08001be5   Thumb Code    16  stm32f1xx_hal_gpio.o(i.HAL_GPIO_TogglePin)
    HAL_GPIO_WritePin                        0x08001bf5   Thumb Code    10  stm32f1xx_hal_gpio.o(i.HAL_GPIO_WritePin)
    HAL_GetTick                              0x08001c01   Thumb Code     6  stm32f1xx_hal.o(i.HAL_GetTick)
    HAL_IncTick                              0x08001c0d   Thumb Code    12  stm32f1xx_hal.o(i.HAL_IncTick)
    HAL_Init                                 0x08001c1d   Thumb Code    32  stm32f1xx_hal.o(i.HAL_Init)
    HAL_InitTick                             0x08001c41   Thumb Code    54  stm32f1xx_hal.o(i.HAL_InitTick)
    HAL_MspInit                              0x08001c81   Thumb Code    52  stm32f1xx_hal_msp.o(i.HAL_MspInit)
    HAL_NVIC_EnableIRQ                       0x08001cbd   Thumb Code    26  stm32f1xx_hal_cortex.o(i.HAL_NVIC_EnableIRQ)
    HAL_NVIC_SetPriority                     0x08001cd9   Thumb Code    60  stm32f1xx_hal_cortex.o(i.HAL_NVIC_SetPriority)
    HAL_NVIC_SetPriorityGrouping             0x08001d19   Thumb Code    26  stm32f1xx_hal_cortex.o(i.HAL_NVIC_SetPriorityGrouping)
    HAL_RCC_ClockConfig                      0x08001d3d   Thumb Code   280  stm32f1xx_hal_rcc.o(i.HAL_RCC_ClockConfig)
    HAL_RCC_GetPCLK1Freq                     0x08001e69   Thumb Code    20  stm32f1xx_hal_rcc.o(i.HAL_RCC_GetPCLK1Freq)
    HAL_RCC_GetPCLK2Freq                     0x08001e89   Thumb Code    20  stm32f1xx_hal_rcc.o(i.HAL_RCC_GetPCLK2Freq)
    HAL_RCC_GetSysClockFreq                  0x08001ea9   Thumb Code    58  stm32f1xx_hal_rcc.o(i.HAL_RCC_GetSysClockFreq)
    HAL_RCC_OscConfig                        0x08001ef5   Thumb Code   778  stm32f1xx_hal_rcc.o(i.HAL_RCC_OscConfig)
    HAL_SYSTICK_Config                       0x08002215   Thumb Code    40  stm32f1xx_hal_cortex.o(i.HAL_SYSTICK_Config)
    HAL_TIMEx_MasterConfigSynchronization    0x0800223d   Thumb Code    92  stm32f1xx_hal_tim_ex.o(i.HAL_TIMEx_MasterConfigSynchronization)
    HAL_TIM_Encoder_Init                     0x080022a5   Thumb Code   164  stm32f1xx_hal_tim.o(i.HAL_TIM_Encoder_Init)
    HAL_TIM_Encoder_MspInit                  0x08002349   Thumb Code   118  stm32f1xx_hal_msp.o(i.HAL_TIM_Encoder_MspInit)
    HAL_TIM_Encoder_Start                    0x080023cd   Thumb Code   142  stm32f1xx_hal_tim.o(i.HAL_TIM_Encoder_Start)
    HAL_UARTEx_RxEventCallback               0x0800245b   Thumb Code     2  stm32f1xx_hal_uart.o(i.HAL_UARTEx_RxEventCallback)
    HAL_UART_ErrorCallback                   0x0800245d   Thumb Code     2  stm32f1xx_hal_uart.o(i.HAL_UART_ErrorCallback)
    HAL_UART_IRQHandler                      0x08002461   Thumb Code   616  stm32f1xx_hal_uart.o(i.HAL_UART_IRQHandler)
    HAL_UART_Init                            0x080026cd   Thumb Code   100  stm32f1xx_hal_uart.o(i.HAL_UART_Init)
    HAL_UART_MspInit                         0x08002731   Thumb Code   116  stm32f1xx_hal_msp.o(i.HAL_UART_MspInit)
    HAL_UART_Receive_IT                      0x080027b1   Thumb Code    28  stm32f1xx_hal_uart.o(i.HAL_UART_Receive_IT)
    HAL_UART_RxCpltCallback                  0x080027cd   Thumb Code    36  main.o(i.HAL_UART_RxCpltCallback)
    HAL_UART_Transmit                        0x080027f9   Thumb Code   160  stm32f1xx_hal_uart.o(i.HAL_UART_Transmit)
    HAL_UART_TxCpltCallback                  0x08002899   Thumb Code     2  stm32f1xx_hal_uart.o(i.HAL_UART_TxCpltCallback)
    HardFault_Handler                        0x0800289b   Thumb Code     2  stm32f1xx_it.o(i.HardFault_Handler)
    IMU_Data_In                              0x0800289d   Thumb Code    40  imu.o(i.IMU_Data_In)
    IMU_Data_Process                         0x080028cd   Thumb Code   196  imu.o(i.IMU_Data_Process)
    IMU_Reset_Flag                           0x0800299d   Thumb Code     8  imu.o(i.IMU_Reset_Flag)
    IMU_Reset_Zero                           0x080029a9   Thumb Code    82  imu.o(i.IMU_Reset_Zero)
    MemManage_Handler                        0x08002bc1   Thumb Code     2  stm32f1xx_it.o(i.MemManage_Handler)
    NMI_Handler                              0x08002bc3   Thumb Code     2  stm32f1xx_it.o(i.NMI_Handler)
    PendSV_Handler                           0x08002bc5   Thumb Code     2  stm32f1xx_it.o(i.PendSV_Handler)
    SVC_Handler                              0x08002bc7   Thumb Code     2  stm32f1xx_it.o(i.SVC_Handler)
    SysTick_Handler                          0x08002bc9   Thumb Code     4  stm32f1xx_it.o(i.SysTick_Handler)
    SystemClock_Config                       0x08002bcd   Thumb Code    94  main.o(i.SystemClock_Config)
    SystemInit                               0x08002c2b   Thumb Code     2  system_stm32f1xx.o(i.SystemInit)
    TIM_Base_SetConfig                       0x08002c2d   Thumb Code   108  stm32f1xx_hal_tim.o(i.TIM_Base_SetConfig)
    TIM_CCxChannelCmd                        0x08002ca5   Thumb Code    26  stm32f1xx_hal_tim.o(i.TIM_CCxChannelCmd)
    UART_Start_Receive_IT                    0x08002e99   Thumb Code    54  stm32f1xx_hal_uart.o(i.UART_Start_Receive_IT)
    USART1_IRQHandler                        0x08002f41   Thumb Code     6  stm32f1xx_it.o(i.USART1_IRQHandler)
    USB_LP_CAN1_RX0_IRQHandler               0x08002f4d   Thumb Code     6  stm32f1xx_it.o(i.USB_LP_CAN1_RX0_IRQHandler)
    UsageFault_Handler                       0x08002f59   Thumb Code     2  stm32f1xx_it.o(i.UsageFault_Handler)
    get_Empty_Mailbox                        0x08002f7d   Thumb Code    32  bxcanlib.o(i.get_Empty_Mailbox)
    main                                     0x08002fa1   Thumb Code   288  main.o(i.main)
    __aeabi_d2f                              0x080030d5   Thumb Code     0  d2f.o(x$fpl$d2f)
    _d2f                                     0x080030d5   Thumb Code    98  d2f.o(x$fpl$d2f)
    __aeabi_dadd                             0x08003139   Thumb Code     0  daddsub_clz.o(x$fpl$dadd)
    _dadd                                    0x08003139   Thumb Code   332  daddsub_clz.o(x$fpl$dadd)
    __fpl_dcheck_NaN1                        0x08003289   Thumb Code    10  dcheck1.o(x$fpl$dcheck1)
    __aeabi_ddiv                             0x08003299   Thumb Code     0  ddiv.o(x$fpl$ddiv)
    _ddiv                                    0x08003299   Thumb Code   552  ddiv.o(x$fpl$ddiv)
    __aeabi_i2d                              0x08003549   Thumb Code     0  dflt_clz.o(x$fpl$dflt)
    _dflt                                    0x08003549   Thumb Code    46  dflt_clz.o(x$fpl$dflt)
    __aeabi_ui2d                             0x08003577   Thumb Code     0  dflt_clz.o(x$fpl$dfltu)
    _dfltu                                   0x08003577   Thumb Code    38  dflt_clz.o(x$fpl$dfltu)
    __aeabi_dmul                             0x0800359d   Thumb Code     0  dmul.o(x$fpl$dmul)
    _dmul                                    0x0800359d   Thumb Code   332  dmul.o(x$fpl$dmul)
    __fpl_dnaninf                            0x080036f1   Thumb Code   156  dnaninf.o(x$fpl$dnaninf)
    __fpl_dretinf                            0x0800378d   Thumb Code    12  dretinf.o(x$fpl$dretinf)
    __aeabi_dsub                             0x08003799   Thumb Code     0  daddsub_clz.o(x$fpl$dsub)
    _dsub                                    0x08003799   Thumb Code   464  daddsub_clz.o(x$fpl$dsub)
    __aeabi_f2d                              0x0800396d   Thumb Code     0  f2d.o(x$fpl$f2d)
    _f2d                                     0x0800396d   Thumb Code    86  f2d.o(x$fpl$f2d)
    __fpl_fnaninf                            0x080039c3   Thumb Code   140  fnaninf.o(x$fpl$fnaninf)
    __fpl_fretinf                            0x08003a4f   Thumb Code    10  fretinf.o(x$fpl$fretinf)
    __fpl_return_NaN                         0x08003a59   Thumb Code   100  retnan.o(x$fpl$retnan)
    __ARM_scalbn                             0x08003abd   Thumb Code    92  scalbn.o(x$fpl$scalbn)
    __fpl_cmpreturn                          0x08003b19   Thumb Code    48  trapv.o(x$fpl$trapveneer)
    __I$use$fp                               0x08003b48   Number         0  usenofp.o(x$fpl$usenofp)
    AHBPrescTable                            0x08003b5a   Data          16  system_stm32f1xx.o(.constdata)
    APBPrescTable                            0x08003b6a   Data           8  system_stm32f1xx.o(.constdata)
    Region$$Table$$Base                      0x08003b74   Number         0  anon$$obj.o(Region$$Table)
    Region$$Table$$Limit                     0x08003b94   Number         0  anon$$obj.o(Region$$Table)
    IMU_Data_in                              0x20000000   Data           1  main.o(.data)
    time                                     0x20000004   Data           4  main.o(.data)
    IMU_Raw_Data                             0x20000008   Data           6  main.o(.data)
    IMU                                      0x20000010   Data           8  main.o(.data)
    Encoder                                  0x20000018   Data           8  main.o(.data)
    uwTickFreq                               0x20000020   Data           1  stm32f1xx_hal.o(.data)
    uwTickPrio                               0x20000024   Data           4  stm32f1xx_hal.o(.data)
    uwTick                                   0x20000028   Data           4  stm32f1xx_hal.o(.data)
    SystemCoreClock                          0x2000002c   Data           4  system_stm32f1xx.o(.data)
    hcan                                     0x2000005c   Data          40  main.o(.bss)
    htim2                                    0x20000084   Data          72  main.o(.bss)
    htim3                                    0x200000cc   Data          72  main.o(.bss)
    huart1                                   0x20000114   Data          72  main.o(.bss)
    encoderx                                 0x2000015c   Data          40  main.o(.bss)
    encodery                                 0x20000184   Data          40  main.o(.bss)
    angle                                    0x200001ac   Data          12  main.o(.bss)
    canfilter                                0x200001b8   Data          40  main.o(.bss)
    __libspace_start                         0x20000260   Data          96  libspace.o(.bss)
    __temporary_stack_top$libspace           0x200002c0   Data           0  libspace.o(.bss)



==============================================================================

Memory Map of the image

  Image Entry point : 0x080000ed

  Load Region LR_IROM1 (Base: 0x08000000, Size: 0x00003bf0, Max: 0x00010000, ABSOLUTE)

    Execution Region ER_IROM1 (Exec base: 0x08000000, Load base: 0x08000000, Size: 0x00003b94, Max: 0x00010000, ABSOLUTE)

    Exec Addr    Load Addr    Size         Type   Attr      Idx    E Section Name        Object

    0x08000000   0x08000000   0x000000ec   Data   RO            3    RESET               startup_stm32f103xb.o
    0x080000ec   0x080000ec   0x00000008   Code   RO         3531  * !!!main             c_w.l(__main.o)
    0x080000f4   0x080000f4   0x00000034   Code   RO         3777    !!!scatter          c_w.l(__scatter.o)
    0x08000128   0x08000128   0x0000001a   Code   RO         3779    !!handler_copy      c_w.l(__scatter_copy.o)
    0x08000142   0x08000142   0x00000002   PAD
    0x08000144   0x08000144   0x0000001c   Code   RO         3781    !!handler_zi        c_w.l(__scatter_zi.o)
    0x08000160   0x08000160   0x00000002   Code   RO         3714    .ARM.Collect$$libinit$$00000000  c_w.l(libinit.o)
    0x08000162   0x08000162   0x00000000   Code   RO         3594    .ARM.Collect$$libinit$$00000002  c_w.l(libinit2.o)
    0x08000162   0x08000162   0x00000000   Code   RO         3596    .ARM.Collect$$libinit$$00000004  c_w.l(libinit2.o)
    0x08000162   0x08000162   0x00000008   Code   RO         3597    .ARM.Collect$$libinit$$00000005  c_w.l(libinit2.o)
    0x0800016a   0x0800016a   0x00000000   Code   RO         3599    .ARM.Collect$$libinit$$0000000A  c_w.l(libinit2.o)
    0x0800016a   0x0800016a   0x00000000   Code   RO         3601    .ARM.Collect$$libinit$$0000000C  c_w.l(libinit2.o)
    0x0800016a   0x0800016a   0x00000000   Code   RO         3603    .ARM.Collect$$libinit$$0000000E  c_w.l(libinit2.o)
    0x0800016a   0x0800016a   0x00000000   Code   RO         3606    .ARM.Collect$$libinit$$00000011  c_w.l(libinit2.o)
    0x0800016a   0x0800016a   0x00000000   Code   RO         3608    .ARM.Collect$$libinit$$00000013  c_w.l(libinit2.o)
    0x0800016a   0x0800016a   0x00000000   Code   RO         3610    .ARM.Collect$$libinit$$00000015  c_w.l(libinit2.o)
    0x0800016a   0x0800016a   0x00000000   Code   RO         3612    .ARM.Collect$$libinit$$00000017  c_w.l(libinit2.o)
    0x0800016a   0x0800016a   0x00000000   Code   RO         3614    .ARM.Collect$$libinit$$00000019  c_w.l(libinit2.o)
    0x0800016a   0x0800016a   0x00000000   Code   RO         3616    .ARM.Collect$$libinit$$0000001B  c_w.l(libinit2.o)
    0x0800016a   0x0800016a   0x00000000   Code   RO         3618    .ARM.Collect$$libinit$$0000001D  c_w.l(libinit2.o)
    0x0800016a   0x0800016a   0x00000000   Code   RO         3620    .ARM.Collect$$libinit$$0000001F  c_w.l(libinit2.o)
    0x0800016a   0x0800016a   0x00000000   Code   RO         3622    .ARM.Collect$$libinit$$00000021  c_w.l(libinit2.o)
    0x0800016a   0x0800016a   0x00000000   Code   RO         3624    .ARM.Collect$$libinit$$00000023  c_w.l(libinit2.o)
    0x0800016a   0x0800016a   0x00000000   Code   RO         3626    .ARM.Collect$$libinit$$00000025  c_w.l(libinit2.o)
    0x0800016a   0x0800016a   0x00000000   Code   RO         3630    .ARM.Collect$$libinit$$0000002C  c_w.l(libinit2.o)
    0x0800016a   0x0800016a   0x00000000   Code   RO         3632    .ARM.Collect$$libinit$$0000002E  c_w.l(libinit2.o)
    0x0800016a   0x0800016a   0x00000000   Code   RO         3634    .ARM.Collect$$libinit$$00000030  c_w.l(libinit2.o)
    0x0800016a   0x0800016a   0x00000000   Code   RO         3636    .ARM.Collect$$libinit$$00000032  c_w.l(libinit2.o)
    0x0800016a   0x0800016a   0x00000002   Code   RO         3637    .ARM.Collect$$libinit$$00000033  c_w.l(libinit2.o)
    0x0800016c   0x0800016c   0x00000002   Code   RO         3774    .ARM.Collect$$libshutdown$$00000000  c_w.l(libshutdown.o)
    0x0800016e   0x0800016e   0x00000000   Code   RO         3730    .ARM.Collect$$libshutdown$$00000002  c_w.l(libshutdown2.o)
    0x0800016e   0x0800016e   0x00000000   Code   RO         3732    .ARM.Collect$$libshutdown$$00000004  c_w.l(libshutdown2.o)
    0x0800016e   0x0800016e   0x00000000   Code   RO         3735    .ARM.Collect$$libshutdown$$00000007  c_w.l(libshutdown2.o)
    0x0800016e   0x0800016e   0x00000000   Code   RO         3738    .ARM.Collect$$libshutdown$$0000000A  c_w.l(libshutdown2.o)
    0x0800016e   0x0800016e   0x00000000   Code   RO         3740    .ARM.Collect$$libshutdown$$0000000C  c_w.l(libshutdown2.o)
    0x0800016e   0x0800016e   0x00000000   Code   RO         3743    .ARM.Collect$$libshutdown$$0000000F  c_w.l(libshutdown2.o)
    0x0800016e   0x0800016e   0x00000002   Code   RO         3744    .ARM.Collect$$libshutdown$$00000010  c_w.l(libshutdown2.o)
    0x08000170   0x08000170   0x00000000   Code   RO         3559    .ARM.Collect$$rtentry$$00000000  c_w.l(__rtentry.o)
    0x08000170   0x08000170   0x00000000   Code   RO         3655    .ARM.Collect$$rtentry$$00000002  c_w.l(__rtentry2.o)
    0x08000170   0x08000170   0x00000006   Code   RO         3667    .ARM.Collect$$rtentry$$00000004  c_w.l(__rtentry4.o)
    0x08000176   0x08000176   0x00000000   Code   RO         3657    .ARM.Collect$$rtentry$$00000009  c_w.l(__rtentry2.o)
    0x08000176   0x08000176   0x00000004   Code   RO         3658    .ARM.Collect$$rtentry$$0000000A  c_w.l(__rtentry2.o)
    0x0800017a   0x0800017a   0x00000000   Code   RO         3660    .ARM.Collect$$rtentry$$0000000C  c_w.l(__rtentry2.o)
    0x0800017a   0x0800017a   0x00000008   Code   RO         3661    .ARM.Collect$$rtentry$$0000000D  c_w.l(__rtentry2.o)
    0x08000182   0x08000182   0x00000002   Code   RO         3719    .ARM.Collect$$rtexit$$00000000  c_w.l(rtexit.o)
    0x08000184   0x08000184   0x00000000   Code   RO         3748    .ARM.Collect$$rtexit$$00000002  c_w.l(rtexit2.o)
    0x08000184   0x08000184   0x00000004   Code   RO         3749    .ARM.Collect$$rtexit$$00000003  c_w.l(rtexit2.o)
    0x08000188   0x08000188   0x00000006   Code   RO         3750    .ARM.Collect$$rtexit$$00000004  c_w.l(rtexit2.o)
    0x0800018e   0x0800018e   0x00000002   PAD
    0x08000190   0x08000190   0x00000000   Code   RO         3671    .emb_text           c_w.l(maybetermalloc1.o)
    0x08000190   0x08000190   0x00000040   Code   RO            4    .text               startup_stm32f103xb.o
    0x080001d0   0x080001d0   0x0000005e   Code   RO         3469    .text               c_w.l(h1_alloc.o)
    0x0800022e   0x0800022e   0x00000064   Code   RO         3525    .text               c_w.l(rt_memcpy_w.o)
    0x08000292   0x08000292   0x0000004e   Code   RO         3527    .text               c_w.l(rt_memclr_w.o)
    0x080002e0   0x080002e0   0x00000006   Code   RO         3529    .text               c_w.l(heapauxi.o)
    0x080002e6   0x080002e6   0x00000002   PAD
    0x080002e8   0x080002e8   0x00000008   Code   RO         3563    .text               c_w.l(rt_heap_descriptor_intlibspace.o)
    0x080002f0   0x080002f0   0x00000004   Code   RO         3565    .text               c_w.l(hguard.o)
    0x080002f4   0x080002f4   0x0000008a   Code   RO         3567    .text               c_w.l(init_alloc.o)
    0x0800037e   0x0800037e   0x0000000e   Code   RO         3573    .text               c_w.l(h1_init.o)
    0x0800038c   0x0800038c   0x0000004e   Code   RO         3575    .text               c_w.l(h1_free.o)
    0x080003da   0x080003da   0x00000002   PAD
    0x080003dc   0x080003dc   0x00000008   Code   RO         3651    .text               c_w.l(libspace.o)
    0x080003e4   0x080003e4   0x00000034   Code   RO         3673    .text               c_w.l(h1_extend.o)
    0x08000418   0x08000418   0x0000000e   Code   RO         3677    .text               c_w.l(defsig_rtmem_outer.o)
    0x08000426   0x08000426   0x00000002   Code   RO         3690    .text               c_w.l(use_no_semi.o)
    0x08000428   0x08000428   0x00000000   Code   RO         3692    .text               c_w.l(indicate_semi.o)
    0x08000428   0x08000428   0x0000004a   Code   RO         3693    .text               c_w.l(sys_stackheap_outer.o)
    0x08000472   0x08000472   0x00000012   Code   RO         3699    .text               c_w.l(exit.o)
    0x08000484   0x08000484   0x0000000a   Code   RO         3701    .text               c_w.l(defsig_exit.o)
    0x0800048e   0x0800048e   0x00000002   PAD
    0x08000490   0x08000490   0x00000050   Code   RO         3703    .text               c_w.l(defsig_rtmem_inner.o)
    0x080004e0   0x080004e0   0x0000000c   Code   RO         3717    .text               c_w.l(sys_exit.o)
    0x080004ec   0x080004ec   0x00000032   Code   RO         3727    .text               c_w.l(defsig_general.o)
    0x0800051e   0x0800051e   0x0000000e   Code   RO         3745    .text               c_w.l(sys_wrch.o)
    0x0800052c   0x0800052c   0x00000002   Code   RO          223    i.BusFault_Handler  stm32f1xx_it.o
    0x0800052e   0x0800052e   0x00000002   PAD
    0x08000530   0x08000530   0x0000000c   Code   RO          224    i.CAN1_RX1_IRQHandler  stm32f1xx_it.o
    0x0800053c   0x0800053c   0x00000088   Code   RO         3281    i.CAN_Assign_Encoder  canslavelib.o
    0x080005c4   0x080005c4   0x0000001e   Code   RO         3131    i.CAN_Create_RxQueue  bxcanlib.o
    0x080005e2   0x080005e2   0x0000001a   Code   RO         3132    i.CAN_Create_TxQueue  bxcanlib.o
    0x080005fc   0x080005fc   0x00000022   Code   RO         3133    i.CAN_Data_Copy     bxcanlib.o
    0x0800061e   0x0800061e   0x00000026   Code   RO         3134    i.CAN_DeRxQueue     bxcanlib.o
    0x08000644   0x08000644   0x00000026   Code   RO         3135    i.CAN_DeTxQueue     bxcanlib.o
    0x0800066a   0x0800066a   0x00000046   Code   RO         3136    i.CAN_EnRxQueue     bxcanlib.o
    0x080006b0   0x080006b0   0x00000042   Code   RO         3137    i.CAN_EnTxQueue     bxcanlib.o
    0x080006f2   0x080006f2   0x00000002   PAD
    0x080006f4   0x080006f4   0x00000024   Code   RO           13    i.CAN_Encoder_Assign_Handle  main.o
    0x08000718   0x08000718   0x000000a0   Code   RO         3284    i.CAN_Encoder_Data_Transmit  canslavelib.o
    0x080007b8   0x080007b8   0x00000026   Code   RO         3138    i.CAN_Fifo0_Filter_Config  bxcanlib.o
    0x080007de   0x080007de   0x00000002   PAD
    0x080007e0   0x080007e0   0x00000070   Code   RO         3285    i.CAN_IMU_Data_Transmit  canslavelib.o
    0x08000850   0x08000850   0x00000018   Code   RO         3139    i.CAN_If_RxQueue_notCreate  bxcanlib.o
    0x08000868   0x08000868   0x00000018   Code   RO         3140    i.CAN_If_TxQueue_notCreate  bxcanlib.o
    0x08000880   0x08000880   0x0000005c   Code   RO         3286    i.CAN_Reset_Encoder  canslavelib.o
    0x080008dc   0x080008dc   0x00000050   Code   RO         3287    i.CAN_Reset_IMU     canslavelib.o
    0x0800092c   0x0800092c   0x00000038   Code   RO         3288    i.CAN_RxEncoder_AssignRQ  canslavelib.o
    0x08000964   0x08000964   0x00000014   Code   RO         3142    i.CAN_RxQueue_getFront  bxcanlib.o
    0x08000978   0x08000978   0x00000010   Code   RO         3145    i.CAN_RxQueue_isFull  bxcanlib.o
    0x08000988   0x08000988   0x00000038   Code   RO         3289    i.CAN_RxReset_RQ    canslavelib.o
    0x080009c0   0x080009c0   0x00000044   Code   RO         3290    i.CAN_RxStart_RQ    canslavelib.o
    0x08000a04   0x08000a04   0x00000038   Code   RO         3291    i.CAN_RxStop_RQ     canslavelib.o
    0x08000a3c   0x08000a3c   0x000000cc   Code   RO         3292    i.CAN_Sensor_Assign_fb  canslavelib.o
    0x08000b08   0x08000b08   0x0000000c   Code   RO         3294    i.CAN_Sensor_Init   canslavelib.o
    0x08000b14   0x08000b14   0x0000002c   Code   RO           14    i.CAN_Sensor_Reset_Handle  main.o
    0x08000b40   0x08000b40   0x0000009c   Code   RO         3296    i.CAN_Sensor_Reset_fb  canslavelib.o
    0x08000bdc   0x08000bdc   0x0000002c   Code   RO           15    i.CAN_Sensor_Start_Handle  main.o
    0x08000c08   0x08000c08   0x000000cc   Code   RO         3298    i.CAN_Sensor_Start_fb  canslavelib.o
    0x08000cd4   0x08000cd4   0x00000020   Code   RO           16    i.CAN_Sensor_Stop_Handle  main.o
    0x08000cf4   0x08000cf4   0x0000009c   Code   RO         3300    i.CAN_Sensor_Stop_fb  canslavelib.o
    0x08000d90   0x08000d90   0x00000084   Code   RO         3301    i.CAN_Slave_FIFO0_ReFb_Handle  canslavelib.o
    0x08000e14   0x08000e14   0x0000002c   Code   RO         3302    i.CAN_Slave_FIFO0_Recieve_Cmd_Handle  canslavelib.o
    0x08000e40   0x08000e40   0x00000068   Code   RO         3303    i.CAN_Slave_FIFO0_RxMessage  canslavelib.o
    0x08000ea8   0x08000ea8   0x00000094   Code   RO         3304    i.CAN_Start_Encoder  canslavelib.o
    0x08000f3c   0x08000f3c   0x0000008c   Code   RO         3305    i.CAN_Start_IMU     canslavelib.o
    0x08000fc8   0x08000fc8   0x00000050   Code   RO         3306    i.CAN_Stop_Sensor   canslavelib.o
    0x08001018   0x08001018   0x00000012   Code   RO         3146    i.CAN_TxHeader_Copy  bxcanlib.o
    0x0800102a   0x0800102a   0x00000010   Code   RO         3147    i.CAN_TxHeader_Init  bxcanlib.o
    0x0800103a   0x0800103a   0x00000010   Code   RO         3148    i.CAN_TxQueue_getFront  bxcanlib.o
    0x0800104a   0x0800104a   0x0000000c   Code   RO         3150    i.CAN_TxQueue_isEmpty  bxcanlib.o
    0x08001056   0x08001056   0x00000010   Code   RO         3151    i.CAN_TxQueue_isFull  bxcanlib.o
    0x08001066   0x08001066   0x00000002   Code   RO          225    i.DebugMon_Handler  stm32f1xx_it.o
    0x08001068   0x08001068   0x00000006   Code   RO          226    i.EXTI3_IRQHandler  stm32f1xx_it.o
    0x0800106e   0x0800106e   0x00000006   Code   RO          227    i.EXTI4_IRQHandler  stm32f1xx_it.o
    0x08001074   0x08001074   0x0000001e   Code   RO         3010    i.Encoder_Assign_Position  encoderposition.o
    0x08001092   0x08001092   0x00000028   Code   RO         3011    i.Encoder_CNT_Calibration  encoderposition.o
    0x080010ba   0x080010ba   0x00000046   Code   RO         3012    i.Encoder_CNT_Counter  encoderposition.o
    0x08001100   0x08001100   0x00000010   Code   RO         3013    i.Encoder_Init      encoderposition.o
    0x08001110   0x08001110   0x00000020   Code   RO         3014    i.Encoder_Offset_Detect  encoderposition.o
    0x08001130   0x08001130   0x00000068   Code   RO         3015    i.Encoder_Position_Handle  encoderposition.o
    0x08001198   0x08001198   0x00000016   Code   RO         3016    i.Encoder_Pulse_Counter  encoderposition.o
    0x080011ae   0x080011ae   0x0000001e   Code   RO         3017    i.Encoder_Reset     encoderposition.o
    0x080011cc   0x080011cc   0x0000003c   Code   RO         3018    i.Encoder_Round_Counter  encoderposition.o
    0x08001208   0x08001208   0x0000000c   Code   RO         3019    i.Encoder_Zpulse_Dectect  encoderposition.o
    0x08001214   0x08001214   0x00000024   Code   RO          426    i.HAL_CAN_ActivateNotification  stm32f1xx_hal_can.o
    0x08001238   0x08001238   0x000000bc   Code   RO          427    i.HAL_CAN_AddTxMessage  stm32f1xx_hal_can.o
    0x080012f4   0x080012f4   0x000000ee   Code   RO          428    i.HAL_CAN_ConfigFilter  stm32f1xx_hal_can.o
    0x080013e2   0x080013e2   0x00000002   Code   RO          431    i.HAL_CAN_ErrorCallback  stm32f1xx_hal_can.o
    0x080013e4   0x080013e4   0x000000f4   Code   RO          434    i.HAL_CAN_GetRxMessage  stm32f1xx_hal_can.o
    0x080014d8   0x080014d8   0x000001fc   Code   RO          438    i.HAL_CAN_IRQHandler  stm32f1xx_hal_can.o
    0x080016d4   0x080016d4   0x0000011a   Code   RO          439    i.HAL_CAN_Init      stm32f1xx_hal_can.o
    0x080017ee   0x080017ee   0x00000002   PAD
    0x080017f0   0x080017f0   0x0000008c   Code   RO          330    i.HAL_CAN_MspInit   stm32f1xx_hal_msp.o
    0x0800187c   0x0800187c   0x00000002   Code   RO          446    i.HAL_CAN_RxFifo0FullCallback  stm32f1xx_hal_can.o
    0x0800187e   0x0800187e   0x00000004   Code   RO           18    i.HAL_CAN_RxFifo0MsgPendingCallback  main.o
    0x08001882   0x08001882   0x00000002   Code   RO          448    i.HAL_CAN_RxFifo1FullCallback  stm32f1xx_hal_can.o
    0x08001884   0x08001884   0x00000002   Code   RO          449    i.HAL_CAN_RxFifo1MsgPendingCallback  stm32f1xx_hal_can.o
    0x08001886   0x08001886   0x00000002   Code   RO          450    i.HAL_CAN_SleepCallback  stm32f1xx_hal_can.o
    0x08001888   0x08001888   0x00000058   Code   RO          451    i.HAL_CAN_Start     stm32f1xx_hal_can.o
    0x080018e0   0x080018e0   0x00000002   Code   RO          453    i.HAL_CAN_TxMailbox0AbortCallback  stm32f1xx_hal_can.o
    0x080018e2   0x080018e2   0x00000002   Code   RO          454    i.HAL_CAN_TxMailbox0CompleteCallback  stm32f1xx_hal_can.o
    0x080018e4   0x080018e4   0x00000002   Code   RO          455    i.HAL_CAN_TxMailbox1AbortCallback  stm32f1xx_hal_can.o
    0x080018e6   0x080018e6   0x00000002   Code   RO          456    i.HAL_CAN_TxMailbox1CompleteCallback  stm32f1xx_hal_can.o
    0x080018e8   0x080018e8   0x00000002   Code   RO          457    i.HAL_CAN_TxMailbox2AbortCallback  stm32f1xx_hal_can.o
    0x080018ea   0x080018ea   0x00000002   Code   RO          458    i.HAL_CAN_TxMailbox2CompleteCallback  stm32f1xx_hal_can.o
    0x080018ec   0x080018ec   0x00000002   Code   RO          460    i.HAL_CAN_WakeUpFromRxMsgCallback  stm32f1xx_hal_can.o
    0x080018ee   0x080018ee   0x00000046   Code   RO         1040    i.HAL_DMA_Abort     stm32f1xx_hal_dma.o
    0x08001934   0x08001934   0x00000098   Code   RO         1041    i.HAL_DMA_Abort_IT  stm32f1xx_hal_dma.o
    0x080019cc   0x080019cc   0x00000020   Code   RO           19    i.HAL_GPIO_EXTI_Callback  main.o
    0x080019ec   0x080019ec   0x00000018   Code   RO          975    i.HAL_GPIO_EXTI_IRQHandler  stm32f1xx_hal_gpio.o
    0x08001a04   0x08001a04   0x000001e0   Code   RO          976    i.HAL_GPIO_Init     stm32f1xx_hal_gpio.o
    0x08001be4   0x08001be4   0x00000010   Code   RO          979    i.HAL_GPIO_TogglePin  stm32f1xx_hal_gpio.o
    0x08001bf4   0x08001bf4   0x0000000a   Code   RO          980    i.HAL_GPIO_WritePin  stm32f1xx_hal_gpio.o
    0x08001bfe   0x08001bfe   0x00000002   PAD
    0x08001c00   0x08001c00   0x0000000c   Code   RO          670    i.HAL_GetTick       stm32f1xx_hal.o
    0x08001c0c   0x08001c0c   0x00000010   Code   RO          676    i.HAL_IncTick       stm32f1xx_hal.o
    0x08001c1c   0x08001c1c   0x00000024   Code   RO          677    i.HAL_Init          stm32f1xx_hal.o
    0x08001c40   0x08001c40   0x00000040   Code   RO          678    i.HAL_InitTick      stm32f1xx_hal.o
    0x08001c80   0x08001c80   0x0000003c   Code   RO          331    i.HAL_MspInit       stm32f1xx_hal_msp.o
    0x08001cbc   0x08001cbc   0x0000001a   Code   RO         1136    i.HAL_NVIC_EnableIRQ  stm32f1xx_hal_cortex.o
    0x08001cd6   0x08001cd6   0x00000002   PAD
    0x08001cd8   0x08001cd8   0x00000040   Code   RO         1142    i.HAL_NVIC_SetPriority  stm32f1xx_hal_cortex.o
    0x08001d18   0x08001d18   0x00000024   Code   RO         1143    i.HAL_NVIC_SetPriorityGrouping  stm32f1xx_hal_cortex.o
    0x08001d3c   0x08001d3c   0x0000012c   Code   RO          834    i.HAL_RCC_ClockConfig  stm32f1xx_hal_rcc.o
    0x08001e68   0x08001e68   0x00000020   Code   RO          841    i.HAL_RCC_GetPCLK1Freq  stm32f1xx_hal_rcc.o
    0x08001e88   0x08001e88   0x00000020   Code   RO          842    i.HAL_RCC_GetPCLK2Freq  stm32f1xx_hal_rcc.o
    0x08001ea8   0x08001ea8   0x0000004c   Code   RO          843    i.HAL_RCC_GetSysClockFreq  stm32f1xx_hal_rcc.o
    0x08001ef4   0x08001ef4   0x00000320   Code   RO          846    i.HAL_RCC_OscConfig  stm32f1xx_hal_rcc.o
    0x08002214   0x08002214   0x00000028   Code   RO         1147    i.HAL_SYSTICK_Config  stm32f1xx_hal_cortex.o
    0x0800223c   0x0800223c   0x00000068   Code   RO         2361    i.HAL_TIMEx_MasterConfigSynchronization  stm32f1xx_hal_tim_ex.o
    0x080022a4   0x080022a4   0x000000a4   Code   RO         1659    i.HAL_TIM_Encoder_Init  stm32f1xx_hal_tim.o
    0x08002348   0x08002348   0x00000084   Code   RO          333    i.HAL_TIM_Encoder_MspInit  stm32f1xx_hal_msp.o
    0x080023cc   0x080023cc   0x0000008e   Code   RO         1662    i.HAL_TIM_Encoder_Start  stm32f1xx_hal_tim.o
    0x0800245a   0x0800245a   0x00000002   Code   RO         2621    i.HAL_UARTEx_RxEventCallback  stm32f1xx_hal_uart.o
    0x0800245c   0x0800245c   0x00000002   Code   RO         2635    i.HAL_UART_ErrorCallback  stm32f1xx_hal_uart.o
    0x0800245e   0x0800245e   0x00000002   PAD
    0x08002460   0x08002460   0x0000026c   Code   RO         2638    i.HAL_UART_IRQHandler  stm32f1xx_hal_uart.o
    0x080026cc   0x080026cc   0x00000064   Code   RO         2639    i.HAL_UART_Init     stm32f1xx_hal_uart.o
    0x08002730   0x08002730   0x00000080   Code   RO          335    i.HAL_UART_MspInit  stm32f1xx_hal_msp.o
    0x080027b0   0x080027b0   0x0000001c   Code   RO         2644    i.HAL_UART_Receive_IT  stm32f1xx_hal_uart.o
    0x080027cc   0x080027cc   0x0000002c   Code   RO           20    i.HAL_UART_RxCpltCallback  main.o
    0x080027f8   0x080027f8   0x000000a0   Code   RO         2647    i.HAL_UART_Transmit  stm32f1xx_hal_uart.o
    0x08002898   0x08002898   0x00000002   Code   RO         2650    i.HAL_UART_TxCpltCallback  stm32f1xx_hal_uart.o
    0x0800289a   0x0800289a   0x00000002   Code   RO          228    i.HardFault_Handler  stm32f1xx_it.o
    0x0800289c   0x0800289c   0x00000030   Code   RO         3086    i.IMU_Data_In       imu.o
    0x080028cc   0x080028cc   0x000000d0   Code   RO         3087    i.IMU_Data_Process  imu.o
    0x0800299c   0x0800299c   0x0000000c   Code   RO         3088    i.IMU_Reset_Flag    imu.o
    0x080029a8   0x080029a8   0x00000058   Code   RO         3089    i.IMU_Reset_Zero    imu.o
    0x08002a00   0x08002a00   0x00000040   Code   RO           21    i.MX_CAN_Init       main.o
    0x08002a40   0x08002a40   0x000000ac   Code   RO           22    i.MX_GPIO_Init      main.o
    0x08002aec   0x08002aec   0x00000068   Code   RO           23    i.MX_TIM2_Init      main.o
    0x08002b54   0x08002b54   0x0000006c   Code   RO           24    i.MX_TIM3_Init      main.o
    0x08002bc0   0x08002bc0   0x00000002   Code   RO          229    i.MemManage_Handler  stm32f1xx_it.o
    0x08002bc2   0x08002bc2   0x00000002   Code   RO          230    i.NMI_Handler       stm32f1xx_it.o
    0x08002bc4   0x08002bc4   0x00000002   Code   RO          231    i.PendSV_Handler    stm32f1xx_it.o
    0x08002bc6   0x08002bc6   0x00000002   Code   RO          232    i.SVC_Handler       stm32f1xx_it.o
    0x08002bc8   0x08002bc8   0x00000004   Code   RO          233    i.SysTick_Handler   stm32f1xx_it.o
    0x08002bcc   0x08002bcc   0x0000005e   Code   RO           25    i.SystemClock_Config  main.o
    0x08002c2a   0x08002c2a   0x00000002   Code   RO         2973    i.SystemInit        system_stm32f1xx.o
    0x08002c2c   0x08002c2c   0x00000078   Code   RO         1731    i.TIM_Base_SetConfig  stm32f1xx_hal_tim.o
    0x08002ca4   0x08002ca4   0x0000001a   Code   RO         1732    i.TIM_CCxChannelCmd  stm32f1xx_hal_tim.o
    0x08002cbe   0x08002cbe   0x00000010   Code   RO         2652    i.UART_DMAAbortOnError  stm32f1xx_hal_uart.o
    0x08002cce   0x08002cce   0x0000004e   Code   RO         2662    i.UART_EndRxTransfer  stm32f1xx_hal_uart.o
    0x08002d1c   0x08002d1c   0x000000c2   Code   RO         2664    i.UART_Receive_IT   stm32f1xx_hal_uart.o
    0x08002dde   0x08002dde   0x00000002   PAD
    0x08002de0   0x08002de0   0x000000b8   Code   RO         2665    i.UART_SetConfig    stm32f1xx_hal_uart.o
    0x08002e98   0x08002e98   0x00000036   Code   RO         2667    i.UART_Start_Receive_IT  stm32f1xx_hal_uart.o
    0x08002ece   0x08002ece   0x00000072   Code   RO         2668    i.UART_WaitOnFlagUntilTimeout  stm32f1xx_hal_uart.o
    0x08002f40   0x08002f40   0x0000000c   Code   RO          234    i.USART1_IRQHandler  stm32f1xx_it.o
    0x08002f4c   0x08002f4c   0x0000000c   Code   RO          235    i.USB_LP_CAN1_RX0_IRQHandler  stm32f1xx_it.o
    0x08002f58   0x08002f58   0x00000002   Code   RO          236    i.UsageFault_Handler  stm32f1xx_it.o
    0x08002f5a   0x08002f5a   0x00000020   Code   RO         1149    i.__NVIC_SetPriority  stm32f1xx_hal_cortex.o
    0x08002f7a   0x08002f7a   0x00000002   PAD
    0x08002f7c   0x08002f7c   0x00000024   Code   RO         3152    i.get_Empty_Mailbox  bxcanlib.o
    0x08002fa0   0x08002fa0   0x00000134   Code   RO           26    i.main              main.o
    0x080030d4   0x080030d4   0x00000062   Code   RO         3533    x$fpl$d2f           fz_ws.l(d2f.o)
    0x08003136   0x08003136   0x00000002   PAD
    0x08003138   0x08003138   0x00000150   Code   RO         3535    x$fpl$dadd          fz_ws.l(daddsub_clz.o)
    0x08003288   0x08003288   0x00000010   Code   RO         3638    x$fpl$dcheck1       fz_ws.l(dcheck1.o)
    0x08003298   0x08003298   0x000002b0   Code   RO         3542    x$fpl$ddiv          fz_ws.l(ddiv.o)
    0x08003548   0x08003548   0x0000002e   Code   RO         3546    x$fpl$dflt          fz_ws.l(dflt_clz.o)
    0x08003576   0x08003576   0x00000026   Code   RO         3545    x$fpl$dfltu         fz_ws.l(dflt_clz.o)
    0x0800359c   0x0800359c   0x00000154   Code   RO         3551    x$fpl$dmul          fz_ws.l(dmul.o)
    0x080036f0   0x080036f0   0x0000009c   Code   RO         3640    x$fpl$dnaninf       fz_ws.l(dnaninf.o)
    0x0800378c   0x0800378c   0x0000000c   Code   RO         3642    x$fpl$dretinf       fz_ws.l(dretinf.o)
    0x08003798   0x08003798   0x000001d4   Code   RO         3537    x$fpl$dsub          fz_ws.l(daddsub_clz.o)
    0x0800396c   0x0800396c   0x00000056   Code   RO         3553    x$fpl$f2d           fz_ws.l(f2d.o)
    0x080039c2   0x080039c2   0x0000008c   Code   RO         3644    x$fpl$fnaninf       fz_ws.l(fnaninf.o)
    0x08003a4e   0x08003a4e   0x0000000a   Code   RO         3646    x$fpl$fretinf       fz_ws.l(fretinf.o)
    0x08003a58   0x08003a58   0x00000064   Code   RO         3688    x$fpl$retnan        fz_ws.l(retnan.o)
    0x08003abc   0x08003abc   0x0000005c   Code   RO         3555    x$fpl$scalbn        fz_ws.l(scalbn.o)
    0x08003b18   0x08003b18   0x00000030   Code   RO         3715    x$fpl$trapveneer    fz_ws.l(trapv.o)
    0x08003b48   0x08003b48   0x00000000   Code   RO         3648    x$fpl$usenofp       fz_ws.l(usenofp.o)
    0x08003b48   0x08003b48   0x00000012   Data   RO          847    .constdata          stm32f1xx_hal_rcc.o
    0x08003b5a   0x08003b5a   0x00000010   Data   RO         2974    .constdata          system_stm32f1xx.o
    0x08003b6a   0x08003b6a   0x00000008   Data   RO         2975    .constdata          system_stm32f1xx.o
    0x08003b72   0x08003b72   0x00000002   PAD
    0x08003b74   0x08003b74   0x00000020   Data   RO         3775    Region$$Table       anon$$obj.o


    Execution Region RW_IRAM1 (Exec base: 0x20000000, Load base: 0x08003b94, Size: 0x000008c0, Max: 0x00005000, ABSOLUTE)

    Exec Addr    Load Addr    Size         Type   Attr      Idx    E Section Name        Object

    0x20000000   0x08003b94   0x00000020   Data   RW           30    .data               main.o
    0x20000020   0x08003bb4   0x0000000c   Data   RW          684    .data               stm32f1xx_hal.o
    0x2000002c   0x08003bc0   0x00000004   Data   RW         2976    .data               system_stm32f1xx.o
    0x20000030   0x08003bc4   0x0000001b   Data   RW         3091    .data               imu.o
    0x2000004b   0x08003bdf   0x00000001   PAD
    0x2000004c   0x08003be0   0x00000010   Data   RW         3310    .data               canslavelib.o
    0x2000005c        -       0x00000184   Zero   RW           27    .bss                main.o
    0x200001e0        -       0x0000000b   Zero   RW         3090    .bss                imu.o
    0x200001eb   0x08003bf0   0x00000001   PAD
    0x200001ec        -       0x00000074   Zero   RW         3309    .bss                canslavelib.o
    0x20000260        -       0x00000060   Zero   RW         3652    .bss                c_w.l(libspace.o)
    0x200002c0        -       0x00000200   Zero   RW            2    HEAP                startup_stm32f103xb.o
    0x200004c0        -       0x00000400   Zero   RW            1    STACK               startup_stm32f103xb.o


==============================================================================

Image component sizes


      Code (inc. data)   RO Data    RW Data    ZI Data      Debug   Object Name

       538          4          0          0          0      11630   bxcanlib.o
      2196        134          0         16        116      16050   canslavelib.o
       416          8          0          0          0       6620   encoderposition.o
       356         30          0         27         11       3103   imu.o
      1086        116          0         32        388     447761   main.o
        64         26        236          0       1536        844   startup_stm32f103xb.o
       128         24          0         12          0       5537   stm32f1xx_hal.o
      1608          0          0          0          0      14375   stm32f1xx_hal_can.o
       198         14          0          0          0      29139   stm32f1xx_hal_cortex.o
       222          4          0          0          0       1871   stm32f1xx_hal_dma.o
       530         40          0          0          0       4260   stm32f1xx_hal_gpio.o
       460         46          0          0          0       3265   stm32f1xx_hal_msp.o
      1240         84         18          0          0       5316   stm32f1xx_hal_rcc.o
       452         12          0          0          0       4850   stm32f1xx_hal_tim.o
       104         12          0          0          0       1424   stm32f1xx_hal_tim_ex.o
      1554         10          0          0          0      11428   stm32f1xx_hal_uart.o
        68         18          0          0          0       6539   stm32f1xx_it.o
         2          0         24          4          0       1215   system_stm32f1xx.o

    ----------------------------------------------------------------------
     11240        582        312         92       2052     575227   Object Totals
         0          0         32          0          0          0   (incl. Generated)
        18          0          2          1          1          0   (incl. Padding)

    ----------------------------------------------------------------------

      Code (inc. data)   RO Data    RW Data    ZI Data      Debug   Library Member Name

         8          0          0          0          0         68   __main.o
         0          0          0          0          0          0   __rtentry.o
        12          0          0          0          0          0   __rtentry2.o
         6          0          0          0          0          0   __rtentry4.o
        52          8          0          0          0          0   __scatter.o
        26          0          0          0          0          0   __scatter_copy.o
        28          0          0          0          0          0   __scatter_zi.o
        10          0          0          0          0         68   defsig_exit.o
        50          0          0          0          0         88   defsig_general.o
        80         58          0          0          0         76   defsig_rtmem_inner.o
        14          0          0          0          0         80   defsig_rtmem_outer.o
        18          0          0          0          0         80   exit.o
        94          0          0          0          0         80   h1_alloc.o
        52          0          0          0          0         68   h1_extend.o
        78          0          0          0          0         80   h1_free.o
        14          0          0          0          0         84   h1_init.o
         6          0          0          0          0        152   heapauxi.o
         4          0          0          0          0        136   hguard.o
         0          0          0          0          0          0   indicate_semi.o
       138          0          0          0          0        168   init_alloc.o
         2          0          0          0          0          0   libinit.o
        10          0          0          0          0          0   libinit2.o
         2          0          0          0          0          0   libshutdown.o
         2          0          0          0          0          0   libshutdown2.o
         8          4          0          0         96         68   libspace.o
         0          0          0          0          0          0   maybetermalloc1.o
         8          4          0          0          0         68   rt_heap_descriptor_intlibspace.o
        78          0          0          0          0         80   rt_memclr_w.o
       100          0          0          0          0         80   rt_memcpy_w.o
         2          0          0          0          0          0   rtexit.o
        10          0          0          0          0          0   rtexit2.o
        12          4          0          0          0         68   sys_exit.o
        74          0          0          0          0         80   sys_stackheap_outer.o
        14          0          0          0          0         76   sys_wrch.o
         2          0          0          0          0         68   use_no_semi.o
        98          4          0          0          0         92   d2f.o
       804         16          0          0          0        272   daddsub_clz.o
        16          4          0          0          0         68   dcheck1.o
       688        140          0          0          0        208   ddiv.o
        84          0          0          0          0        136   dflt_clz.o
       340         12          0          0          0        104   dmul.o
       156          4          0          0          0         92   dnaninf.o
        12          0          0          0          0         68   dretinf.o
        86          4          0          0          0         84   f2d.o
       140          4          0          0          0         84   fnaninf.o
        10          0          0          0          0         68   fretinf.o
       100          0          0          0          0         68   retnan.o
        92          0          0          0          0         68   scalbn.o
        48          0          0          0          0         68   trapv.o
         0          0          0          0          0          0   usenofp.o

    ----------------------------------------------------------------------
      3700        266          0          0         96       3296   Library Totals
        12          0          0          0          0          0   (incl. Padding)

    ----------------------------------------------------------------------

      Code (inc. data)   RO Data    RW Data    ZI Data      Debug   Library Name

      1014         78          0          0         96       1816   c_w.l
      2674        188          0          0          0       1480   fz_ws.l

    ----------------------------------------------------------------------
      3700        266          0          0         96       3296   Library Totals

    ----------------------------------------------------------------------

==============================================================================


      Code (inc. data)   RO Data    RW Data    ZI Data      Debug   

     14940        848        312         92       2148     569731   Grand Totals
     14940        848        312         92       2148     569731   ELF Image Totals
     14940        848        312         92          0          0   ROM Totals

==============================================================================

    Total RO  Size (Code + RO Data)                15252 (  14.89kB)
    Total RW  Size (RW Data + ZI Data)              2240 (   2.19kB)
    Total ROM Size (Code + RO Data + RW Data)      15344 (  14.98kB)

==============================================================================

